#-----------------------------------------------------------
# Vivado v2019.2 (64-bit)
# SW Build 2708876 on Wed Nov  6 21:40:23 MST 2019
# IP Build 2700528 on Thu Nov  7 00:09:20 MST 2019
# Start of session at: Thu Aug 22 19:15:07 2024
# Process ID: 20840
# Current directory: D:/Work/Hobby_proj/simple_spectrum_analyzer/spectrum_analyzer
# Command line: vivado.exe -gui_launcher_event rodinguilauncherevent11672 D:\Work\Hobby_proj\simple_spectrum_analyzer\spectrum_analyzer\spectrum_analyzer.xpr
# Log file: D:/Work/Hobby_proj/simple_spectrum_analyzer/spectrum_analyzer/vivado.log
# Journal file: D:/Work/Hobby_proj/simple_spectrum_analyzer/spectrum_analyzer\vivado.jou
#-----------------------------------------------------------
start_gui
open_project D:/Work/Hobby_proj/simple_spectrum_analyzer/spectrum_analyzer/spectrum_analyzer.xpr
INFO: [Project 1-313] Project file moved from 'D:/Work/Hobby_proj/spectrum_analyzer' since last save.
Scanning sources...
Finished scanning sources
INFO: [IP_Flow 19-234] Refreshing IP repositories
INFO: [IP_Flow 19-1704] No user IP repositories specified
INFO: [IP_Flow 19-2313] Loaded Vivado IP repository 'C:/Xilinx/Vivado/2019.2/data/ip'.
open_project: Time (s): cpu = 00:00:06 ; elapsed = 00:00:09 . Memory (MB): peak = 1119.184 ; gain = 358.699
open_bd_design {D:/Work/Hobby_proj/simple_spectrum_analyzer/spectrum_analyzer/spectrum_analyzer.srcs/sources_1/bd/design_1/design_1.bd}
Adding component instance block -- xilinx.com:ip:dds_compiler:6.0 - dds_compiler_0
Adding component instance block -- xilinx.com:ip:processing_system7:5.5 - processing_system7_0
WARNING: [BD 41-176] The physical port 'S_AXI_GP2_rd_socket' specified in the portmap, is not found on the block! 
WARNING: [BD 41-176] The physical port 'S_AXI_GP2_wr_socket' specified in the portmap, is not found on the block! 
WARNING: [BD 41-176] The physical port 'S_AXI_GP3_rd_socket' specified in the portmap, is not found on the block! 
WARNING: [BD 41-176] The physical port 'S_AXI_GP3_wr_socket' specified in the portmap, is not found on the block! 
Adding component instance block -- xilinx.com:ip:xfft:9.1 - xfft_0
Adding component instance block -- xilinx.com:ip:fifo_generator:13.2 - fifo_generator_0
INFO: [xilinx.com:ip:fifo_generator:13.2-5968] /fifo_generator_0Executing the post_config_ip from bd
Adding component instance block -- xilinx.com:ip:axi_gpio:2.0 - axi_gpio_dds_config
Adding component instance block -- xilinx.com:ip:axi_interconnect:2.1 - ps7_0_axi_periph
Adding component instance block -- xilinx.com:ip:axi_crossbar:2.1 - xbar
Adding component instance block -- xilinx.com:ip:axi_protocol_converter:2.1 - auto_pc
Adding component instance block -- xilinx.com:ip:proc_sys_reset:5.0 - rst_ps7_0_100M
Adding component instance block -- xilinx.com:ip:axi_dma:7.1 - axi_dma_0
Adding component instance block -- xilinx.com:ip:axi_interconnect:2.1 - axi_mem_intercon
Adding component instance block -- xilinx.com:ip:axi_protocol_converter:2.1 - auto_pc
Adding component instance block -- xilinx.com:ip:fifo_generator:13.2 - fifo_generator_1
INFO: [xilinx.com:ip:fifo_generator:13.2-5968] /fifo_generator_1Executing the post_config_ip from bd
Adding component instance block -- xilinx.com:ip:system_ila:1.1 - system_ila_0
Adding component instance block -- xilinx.com:module_ref:data_on_trigger:1.0 - data_on_trigger_0
Adding component instance block -- xilinx.com:ip:axi_gpio:2.0 - axi_gpio_dataTrigger
Adding component instance block -- xilinx.com:module_ref:valid_on_change:1.0 - valid_on_change_0
Adding component instance block -- xilinx.com:module_ref:valid_on_change:1.0 - valid_on_change_1
Adding component instance block -- xilinx.com:ip:axi_gpio:2.0 - axi_gpio_xfft_config
Excluding slave segment /processing_system7_0/S_AXI_GP0/GP0_IOP from address space /axi_dma_0/Data_S2MM.
Excluding slave segment /processing_system7_0/S_AXI_GP0/GP0_M_AXI_GP0 from address space /axi_dma_0/Data_S2MM.
Successfully read diagram <design_1> from BD file <D:/Work/Hobby_proj/simple_spectrum_analyzer/spectrum_analyzer/spectrum_analyzer.srcs/sources_1/bd/design_1/design_1.bd>
open_bd_design: Time (s): cpu = 00:00:04 ; elapsed = 00:00:16 . Memory (MB): peak = 1398.727 ; gain = 24.340
update_compile_order -fileset sources_1
CRITICAL WARNING: [PSU-1]  Parameter : PCW_UIPARAM_DDR_DQS_TO_CLK_DELAY_2 has negative value -0.009 . PS DDR interfaces might fail when entering negative DQS skew values. 
CRITICAL WARNING: [PSU-2]  Parameter : PCW_UIPARAM_DDR_DQS_TO_CLK_DELAY_3 has negative value -0.033 . PS DDR interfaces might fail when entering negative DQS skew values. 
CRITICAL WARNING: [PSU-1]  Parameter : PCW_UIPARAM_DDR_DQS_TO_CLK_DELAY_2 has negative value -0.009 . PS DDR interfaces might fail when entering negative DQS skew values. 
CRITICAL WARNING: [PSU-2]  Parameter : PCW_UIPARAM_DDR_DQS_TO_CLK_DELAY_3 has negative value -0.033 . PS DDR interfaces might fail when entering negative DQS skew values. 
WARNING: [IP_Flow 19-474] Invalid Parameter 'Component_Name'
CRITICAL WARNING: [PSU-1]  Parameter : PCW_UIPARAM_DDR_DQS_TO_CLK_DELAY_2 has negative value -0.009 . PS DDR interfaces might fail when entering negative DQS skew values. 
CRITICAL WARNING: [PSU-2]  Parameter : PCW_UIPARAM_DDR_DQS_TO_CLK_DELAY_3 has negative value -0.033 . PS DDR interfaces might fail when entering negative DQS skew values. 
WARNING: [IP_Flow 19-474] Invalid Parameter 'Component_Name'
CRITICAL WARNING: [PSU-1]  Parameter : PCW_UIPARAM_DDR_DQS_TO_CLK_DELAY_2 has negative value -0.009 . PS DDR interfaces might fail when entering negative DQS skew values. 
CRITICAL WARNING: [PSU-2]  Parameter : PCW_UIPARAM_DDR_DQS_TO_CLK_DELAY_3 has negative value -0.033 . PS DDR interfaces might fail when entering negative DQS skew values. 
write_hw_platform -fixed -force  -include_bit -file D:/Work/Hobby_proj/simple_spectrum_analyzer/spectrum_analyzer/design_1_wrapper.xsa
INFO: [Vivado 12-4895] Creating Hardware Platform: D:/Work/Hobby_proj/simple_spectrum_analyzer/spectrum_analyzer/design_1_wrapper.xsa ...
INFO: [Hsi 55-2053] elapsed time for repository (C:/Xilinx/Vivado/2019.2/data\embeddedsw) loading 0 seconds
WARNING: [Project 1-645] Board images not set in Hardware Platform.
INFO: [Vivado 12-4896] Successfully created Hardware Platform: D:/Work/Hobby_proj/simple_spectrum_analyzer/spectrum_analyzer/design_1_wrapper.xsa
write_hw_platform: Time (s): cpu = 00:00:07 ; elapsed = 00:00:07 . Memory (MB): peak = 1498.328 ; gain = 38.328
open_hw_manager
connect_hw_server -allow_non_jtag
INFO: [Labtools 27-2285] Connecting to hw_server url TCP:localhost:3121
INFO: [Labtools 27-3415] Connecting to cs_server url TCP:localhost:3042
INFO: [Labtools 27-3417] Launching cs_server...
INFO: [Labtools 27-2221] Launch Output:


****** Xilinx cs_server v2019.2.0
  **** Build date : Nov 07 2019-06:28:22
    ** Copyright 2017-2019 Xilinx, Inc. All Rights Reserved.



open_hw_target
INFO: [Labtoolstcl 44-466] Opening hw_target localhost:3121/xilinx_tcf/Digilent/003017AD430FA
set_property PROGRAM.FILE {D:/Work/Hobby_proj/simple_spectrum_analyzer/spectrum_analyzer/spectrum_analyzer.runs/impl_1/design_1_wrapper.bit} [get_hw_devices xc7z020_1]
set_property PROBES.FILE {D:/Work/Hobby_proj/simple_spectrum_analyzer/spectrum_analyzer/spectrum_analyzer.runs/impl_1/design_1_wrapper.ltx} [get_hw_devices xc7z020_1]
set_property FULL_PROBES.FILE {D:/Work/Hobby_proj/simple_spectrum_analyzer/spectrum_analyzer/spectrum_analyzer.runs/impl_1/design_1_wrapper.ltx} [get_hw_devices xc7z020_1]
current_hw_device [get_hw_devices xc7z020_1]
refresh_hw_device [lindex [get_hw_devices xc7z020_1] 0]
INFO: [Labtools 27-2302] Device xc7z020 (JTAG device index = 1) is programmed with a design that has 1 ILA core(s).
display_hw_ila_data [ get_hw_ila_data hw_ila_data_1 -of_objects [get_hw_ilas -of_objects [get_hw_devices xc7z020_1] -filter {CELL_NAME=~"design_1_i/system_ila_0/inst/ila_lib"}]]
Processed interface dds_compiler_0_M_AXIS_DATA_ila1_slot0
Processed interface fifo_generator_0_M_AXIS_ila1_slot1
Processed interface xfft_0_M_AXIS_DATA_ila1_slot2
Processed interface valid_on_change_0_m_axi_config_ila1_slot3
Processed interface valid_on_change_1_m_axi_config_ila1_slot4
save_wave_config {D:/Work/Hobby_proj/simple_spectrum_analyzer/spectrum_analyzer/spectrum_analyzer.hw/hw_1/wave/hw_ila_data_1/hw_ila_data_1.wcfg}
close_hw_manager
open_hw_manager
connect_hw_server -allow_non_jtag
INFO: [Labtools 27-2285] Connecting to hw_server url TCP:localhost:3121
INFO: [Labtools 27-3415] Connecting to cs_server url TCP:localhost:3042
INFO: [Labtools 27-3414] Connected to existing cs_server.
open_hw_target
INFO: [Labtoolstcl 44-466] Opening hw_target localhost:3121/xilinx_tcf/Digilent/003017AD430FA
set_property PROGRAM.FILE {D:/Work/Hobby_proj/simple_spectrum_analyzer/spectrum_analyzer/spectrum_analyzer.runs/impl_1/design_1_wrapper.bit} [get_hw_devices xc7z020_1]
set_property PROBES.FILE {D:/Work/Hobby_proj/simple_spectrum_analyzer/spectrum_analyzer/spectrum_analyzer.runs/impl_1/design_1_wrapper.ltx} [get_hw_devices xc7z020_1]
set_property FULL_PROBES.FILE {D:/Work/Hobby_proj/simple_spectrum_analyzer/spectrum_analyzer/spectrum_analyzer.runs/impl_1/design_1_wrapper.ltx} [get_hw_devices xc7z020_1]
current_hw_device [get_hw_devices xc7z020_1]
refresh_hw_device [lindex [get_hw_devices xc7z020_1] 0]
INFO: [Labtools 27-2302] Device xc7z020 (JTAG device index = 1) is programmed with a design that has 1 ILA core(s).
display_hw_ila_data [ get_hw_ila_data hw_ila_data_1 -of_objects [get_hw_ilas -of_objects [get_hw_devices xc7z020_1] -filter {CELL_NAME=~"design_1_i/system_ila_0/inst/ila_lib"}]]
Processed interface dds_compiler_0_M_AXIS_DATA_ila1_slot0
Processed interface fifo_generator_0_M_AXIS_ila1_slot1
Processed interface xfft_0_M_AXIS_DATA_ila1_slot2
Processed interface valid_on_change_0_m_axi_config_ila1_slot3
Processed interface valid_on_change_1_m_axi_config_ila1_slot4
run_hw_ila [get_hw_ilas -of_objects [get_hw_devices xc7z020_1] -filter {CELL_NAME=~"design_1_i/system_ila_0/inst/ila_lib"}] -trigger_now
INFO: [Labtools 27-1964] The ILA core 'hw_ila_1' trigger was armed at 2024-Aug-22 19:50:33
wait_on_hw_ila [get_hw_ilas -of_objects [get_hw_devices xc7z020_1] -filter {CELL_NAME=~"design_1_i/system_ila_0/inst/ila_lib"}]
display_hw_ila_data [upload_hw_ila_data [get_hw_ilas -of_objects [get_hw_devices xc7z020_1] -filter {CELL_NAME=~"design_1_i/system_ila_0/inst/ila_lib"}]]
INFO: [Labtools 27-1966] The ILA core 'hw_ila_1' triggered at 2024-Aug-22 19:50:33
Processed interface dds_compiler_0_M_AXIS_DATA_ila1_slot0
Processed interface fifo_generator_0_M_AXIS_ila1_slot1
Processed interface xfft_0_M_AXIS_DATA_ila1_slot2
Processed interface valid_on_change_0_m_axi_config_ila1_slot3
Processed interface valid_on_change_1_m_axi_config_ila1_slot4
INFO: [Labtools 27-3304] ILA Waveform data saved to file D:/Work/Hobby_proj/simple_spectrum_analyzer/spectrum_analyzer/spectrum_analyzer.hw/backup/hw_ila_data_1.ila. Use Tcl command 'read_hw_ila_data' or Vivado File->Import->Import ILA Data menu item to import the previously saved data.
run_hw_ila [get_hw_ilas -of_objects [get_hw_devices xc7z020_1] -filter {CELL_NAME=~"design_1_i/system_ila_0/inst/ila_lib"}]
INFO: [Labtools 27-1964] The ILA core 'hw_ila_1' trigger was armed at 2024-Aug-22 19:50:46
wait_on_hw_ila [get_hw_ilas -of_objects [get_hw_devices xc7z020_1] -filter {CELL_NAME=~"design_1_i/system_ila_0/inst/ila_lib"}]
display_hw_ila_data [upload_hw_ila_data [get_hw_ilas -of_objects [get_hw_devices xc7z020_1] -filter {CELL_NAME=~"design_1_i/system_ila_0/inst/ila_lib"}]]
INFO: [Labtools 27-1966] The ILA core 'hw_ila_1' triggered at 2024-Aug-22 19:50:56
Processed interface dds_compiler_0_M_AXIS_DATA_ila1_slot0
Processed interface fifo_generator_0_M_AXIS_ila1_slot1
Processed interface xfft_0_M_AXIS_DATA_ila1_slot2
Processed interface valid_on_change_0_m_axi_config_ila1_slot3
Processed interface valid_on_change_1_m_axi_config_ila1_slot4
INFO: [Labtools 27-3304] ILA Waveform data saved to file D:/Work/Hobby_proj/simple_spectrum_analyzer/spectrum_analyzer/spectrum_analyzer.hw/backup/hw_ila_data_1.ila. Use Tcl command 'read_hw_ila_data' or Vivado File->Import->Import ILA Data menu item to import the previously saved data.
run_hw_ila [get_hw_ilas -of_objects [get_hw_devices xc7z020_1] -filter {CELL_NAME=~"design_1_i/system_ila_0/inst/ila_lib"}]
INFO: [Labtools 27-1964] The ILA core 'hw_ila_1' trigger was armed at 2024-Aug-22 19:51:34
wait_on_hw_ila -timeout 0 [get_hw_ilas -of_objects [get_hw_devices xc7z020_1] -filter {CELL_NAME=~"design_1_i/system_ila_0/inst/ila_lib"}]
upload_hw_ila_data [get_hw_ilas -of_objects [get_hw_devices xc7z020_1] -filter {CELL_NAME=~"design_1_i/system_ila_0/inst/ila_lib"}]
INFO: [Labtools 27-1965] The ILA core 'hw_ila_1' trigger was stopped by user at 2024-Aug-22 19:52:05
WARNING: [Labtools 27-157] hw_ila [hw_ila_1] stopped. No data to upload.
run_hw_ila [get_hw_ilas -of_objects [get_hw_devices xc7z020_1] -filter {CELL_NAME=~"design_1_i/system_ila_0/inst/ila_lib"}] -trigger_now
INFO: [Labtools 27-1964] The ILA core 'hw_ila_1' trigger was armed at 2024-Aug-22 19:52:05
wait_on_hw_ila [get_hw_ilas -of_objects [get_hw_devices xc7z020_1] -filter {CELL_NAME=~"design_1_i/system_ila_0/inst/ila_lib"}]
display_hw_ila_data [upload_hw_ila_data [get_hw_ilas -of_objects [get_hw_devices xc7z020_1] -filter {CELL_NAME=~"design_1_i/system_ila_0/inst/ila_lib"}]]
INFO: [Labtools 27-1966] The ILA core 'hw_ila_1' triggered at 2024-Aug-22 19:52:05
Processed interface dds_compiler_0_M_AXIS_DATA_ila1_slot0
Processed interface fifo_generator_0_M_AXIS_ila1_slot1
Processed interface xfft_0_M_AXIS_DATA_ila1_slot2
Processed interface valid_on_change_0_m_axi_config_ila1_slot3
Processed interface valid_on_change_1_m_axi_config_ila1_slot4
INFO: [Labtools 27-3304] ILA Waveform data saved to file D:/Work/Hobby_proj/simple_spectrum_analyzer/spectrum_analyzer/spectrum_analyzer.hw/backup/hw_ila_data_1.ila. Use Tcl command 'read_hw_ila_data' or Vivado File->Import->Import ILA Data menu item to import the previously saved data.
run_hw_ila [get_hw_ilas -of_objects [get_hw_devices xc7z020_1] -filter {CELL_NAME=~"design_1_i/system_ila_0/inst/ila_lib"}]
INFO: [Labtools 27-1964] The ILA core 'hw_ila_1' trigger was armed at 2024-Aug-22 19:52:15
wait_on_hw_ila [get_hw_ilas -of_objects [get_hw_devices xc7z020_1] -filter {CELL_NAME=~"design_1_i/system_ila_0/inst/ila_lib"}]
display_hw_ila_data [upload_hw_ila_data [get_hw_ilas -of_objects [get_hw_devices xc7z020_1] -filter {CELL_NAME=~"design_1_i/system_ila_0/inst/ila_lib"}]]
INFO: [Labtools 27-1966] The ILA core 'hw_ila_1' triggered at 2024-Aug-22 19:52:17
Processed interface dds_compiler_0_M_AXIS_DATA_ila1_slot0
Processed interface fifo_generator_0_M_AXIS_ila1_slot1
Processed interface xfft_0_M_AXIS_DATA_ila1_slot2
Processed interface valid_on_change_0_m_axi_config_ila1_slot3
Processed interface valid_on_change_1_m_axi_config_ila1_slot4
INFO: [Labtools 27-3304] ILA Waveform data saved to file D:/Work/Hobby_proj/simple_spectrum_analyzer/spectrum_analyzer/spectrum_analyzer.hw/backup/hw_ila_data_1.ila. Use Tcl command 'read_hw_ila_data' or Vivado File->Import->Import ILA Data menu item to import the previously saved data.
open_bd_design {D:/Work/Hobby_proj/simple_spectrum_analyzer/spectrum_analyzer/spectrum_analyzer.srcs/sources_1/bd/design_1/design_1.bd}
ERROR: [Labtoolstcl 44-513] HW Target shutdown. Closing target: localhost:3121/xilinx_tcf/Digilent/003017AD430FA
disconnect_hw_server localhost:3121
connect_hw_server -allow_non_jtag
INFO: [Labtools 27-2285] Connecting to hw_server url TCP:localhost:3121
INFO: [Labtools 27-3415] Connecting to cs_server url TCP:localhost:3042
INFO: [Labtools 27-3414] Connected to existing cs_server.
ERROR: [Labtoolstcl 44-494] There is no active target available for server at localhost.
 Targets(s) ", jsn-Xilinx PYNQ-Z1-003017AD430FA" may be locked by another hw_server.
disconnect_hw_server localhost:3121
connect_hw_server -allow_non_jtag
INFO: [Labtools 27-2285] Connecting to hw_server url TCP:localhost:3121
INFO: [Labtools 27-3415] Connecting to cs_server url TCP:localhost:3042
INFO: [Labtools 27-3414] Connected to existing cs_server.
open_hw_target
INFO: [Labtoolstcl 44-466] Opening hw_target localhost:3121/xilinx_tcf/Digilent/003017AD430FA
set_property PROGRAM.FILE {D:/Work/Hobby_proj/simple_spectrum_analyzer/spectrum_analyzer/spectrum_analyzer.runs/impl_1/design_1_wrapper.bit} [get_hw_devices xc7z020_1]
set_property PROBES.FILE {D:/Work/Hobby_proj/simple_spectrum_analyzer/spectrum_analyzer/spectrum_analyzer.runs/impl_1/design_1_wrapper.ltx} [get_hw_devices xc7z020_1]
set_property FULL_PROBES.FILE {D:/Work/Hobby_proj/simple_spectrum_analyzer/spectrum_analyzer/spectrum_analyzer.runs/impl_1/design_1_wrapper.ltx} [get_hw_devices xc7z020_1]
current_hw_device [get_hw_devices xc7z020_1]
refresh_hw_device [lindex [get_hw_devices xc7z020_1] 0]
INFO: [Labtools 27-2302] Device xc7z020 (JTAG device index = 1) is programmed with a design that has 1 ILA core(s).
display_hw_ila_data [ get_hw_ila_data hw_ila_data_1 -of_objects [get_hw_ilas -of_objects [get_hw_devices xc7z020_1] -filter {CELL_NAME=~"design_1_i/system_ila_0/inst/ila_lib"}]]
Processed interface dds_compiler_0_M_AXIS_DATA_ila1_slot0
Processed interface fifo_generator_0_M_AXIS_ila1_slot1
Processed interface xfft_0_M_AXIS_DATA_ila1_slot2
Processed interface valid_on_change_0_m_axi_config_ila1_slot3
Processed interface valid_on_change_1_m_axi_config_ila1_slot4
run_hw_ila [get_hw_ilas -of_objects [get_hw_devices xc7z020_1] -filter {CELL_NAME=~"design_1_i/system_ila_0/inst/ila_lib"}] -trigger_now
INFO: [Labtools 27-1964] The ILA core 'hw_ila_1' trigger was armed at 2024-Aug-22 19:55:05
wait_on_hw_ila [get_hw_ilas -of_objects [get_hw_devices xc7z020_1] -filter {CELL_NAME=~"design_1_i/system_ila_0/inst/ila_lib"}]
display_hw_ila_data [upload_hw_ila_data [get_hw_ilas -of_objects [get_hw_devices xc7z020_1] -filter {CELL_NAME=~"design_1_i/system_ila_0/inst/ila_lib"}]]
INFO: [Labtools 27-1966] The ILA core 'hw_ila_1' triggered at 2024-Aug-22 19:55:05
Processed interface dds_compiler_0_M_AXIS_DATA_ila1_slot0
Processed interface fifo_generator_0_M_AXIS_ila1_slot1
Processed interface xfft_0_M_AXIS_DATA_ila1_slot2
Processed interface valid_on_change_0_m_axi_config_ila1_slot3
Processed interface valid_on_change_1_m_axi_config_ila1_slot4
INFO: [Labtools 27-3304] ILA Waveform data saved to file D:/Work/Hobby_proj/simple_spectrum_analyzer/spectrum_analyzer/spectrum_analyzer.hw/backup/hw_ila_data_1.ila. Use Tcl command 'read_hw_ila_data' or Vivado File->Import->Import ILA Data menu item to import the previously saved data.
set_property TRIGGER_COMPARE_VALUE eq10'bXX_XXXX_XXXX [get_hw_probes design_1_i/system_ila_0/inst/probe1_1 -of_objects [get_hw_ilas -of_objects [get_hw_devices xc7z020_1] -filter {CELL_NAME=~"design_1_i/system_ila_0/inst/ila_lib"}]]
set_property TRIGGER_COMPARE_VALUE eq10'hXXX [get_hw_probes design_1_i/system_ila_0/inst/probe1_1 -of_objects [get_hw_ilas -of_objects [get_hw_devices xc7z020_1] -filter {CELL_NAME=~"design_1_i/system_ila_0/inst/ila_lib"}]]
run_hw_ila [get_hw_ilas -of_objects [get_hw_devices xc7z020_1] -filter {CELL_NAME=~"design_1_i/system_ila_0/inst/ila_lib"}]
INFO: [Labtools 27-1964] The ILA core 'hw_ila_1' trigger was armed at 2024-Aug-22 19:55:40
wait_on_hw_ila -timeout 0 [get_hw_ilas -of_objects [get_hw_devices xc7z020_1] -filter {CELL_NAME=~"design_1_i/system_ila_0/inst/ila_lib"}]
upload_hw_ila_data [get_hw_ilas -of_objects [get_hw_devices xc7z020_1] -filter {CELL_NAME=~"design_1_i/system_ila_0/inst/ila_lib"}]
INFO: [Labtools 27-1965] The ILA core 'hw_ila_1' trigger was stopped by user at 2024-Aug-22 19:55:59
WARNING: [Labtools 27-157] hw_ila [hw_ila_1] stopped. No data to upload.
ERROR: [Labtoolstcl 44-513] HW Target shutdown. Closing target: localhost:3121/xilinx_tcf/Digilent/003017AD430FA
open_bd_design {D:/Work/Hobby_proj/simple_spectrum_analyzer/spectrum_analyzer/spectrum_analyzer.srcs/sources_1/bd/design_1/design_1.bd}
exit
INFO: [Common 17-206] Exiting Vivado at Thu Aug 22 19:57:45 2024...
