TRACE::2024-08-08.03:31:43::SCWBifWriter::Found the complete platform D:/Work/Hobby_proj/spectrum_analyzer/vitis_workspace/design_1_wrapper_1/export/design_1_wrapper_1/design_1_wrapper_1.xpfm
TRACE::2024-08-08.03:31:43::SCWBifWriter::hardware databse : design_1_wrapper_2
TRACE::2024-08-08.03:31:43::SCWBifWriter::bitstream found in the design
TRACE::2024-08-08.03:31:43::SCWBifWriter::Found a baremetal domain, proc: ps7_cortexa9_0
TRACE::2024-08-08.03:31:43::SCWBifWriter::proc type : 
TRACE::2024-08-08.03:31:43::SCWBifWriter::proc[0] : ps7_cortexa9_0
TRACE::2024-08-08.03:31:43::SCWBifWriter::Device type is : zynq
TRACE::2024-08-08.03:31:43::SCWBifWriter::Writing BIF to file : D:/Work/Hobby_proj/spectrum_analyzer/vitis_workspace/sw_spectrum_system/Debug/system.bif
TRACE::2024-08-08.03:31:43::SCWBifWriter::Writing the Zynq Baremetal bif 
TRACE::2024-08-08.03:32:17::SCWBifWriter::Found the complete platform D:/Work/Hobby_proj/spectrum_analyzer/vitis_workspace/design_1_wrapper_1/export/design_1_wrapper_1/design_1_wrapper_1.xpfm
TRACE::2024-08-08.03:32:17::SCWBifWriter::hardware databse : design_1_wrapper_2
TRACE::2024-08-08.03:32:17::SCWBifWriter::bitstream found in the design
TRACE::2024-08-08.03:32:17::SCWBifWriter::Found a baremetal domain, proc: ps7_cortexa9_0
TRACE::2024-08-08.03:32:17::SCWBifWriter::proc type : 
TRACE::2024-08-08.03:32:17::SCWBifWriter::proc[0] : ps7_cortexa9_0
TRACE::2024-08-08.03:32:17::SCWBifWriter::Device type is : zynq
TRACE::2024-08-08.03:32:17::SCWBifWriter::Writing BIF to file : D:/Work/Hobby_proj/spectrum_analyzer/vitis_workspace/sw_spectrum_system/Debug/system.bif
TRACE::2024-08-08.03:32:17::SCWBifWriter::Writing the Zynq Baremetal bif 
TRACE::2024-08-08.03:32:33::SCWBifWriter::Found the complete platform D:/Work/Hobby_proj/spectrum_analyzer/vitis_workspace/design_1_wrapper_1/export/design_1_wrapper_1/design_1_wrapper_1.xpfm
TRACE::2024-08-08.03:32:33::SCWBifWriter::hardware databse : design_1_wrapper_2
TRACE::2024-08-08.03:32:33::SCWBifWriter::bitstream found in the design
TRACE::2024-08-08.03:32:33::SCWBifWriter::Found a baremetal domain, proc: ps7_cortexa9_0
TRACE::2024-08-08.03:32:33::SCWBifWriter::proc type : 
TRACE::2024-08-08.03:32:33::SCWBifWriter::proc[0] : ps7_cortexa9_0
TRACE::2024-08-08.03:32:33::SCWBifWriter::Device type is : zynq
TRACE::2024-08-08.03:32:33::SCWBifWriter::Writing BIF to file : D:/Work/Hobby_proj/spectrum_analyzer/vitis_workspace/sw_spectrum_system/Debug/system.bif
TRACE::2024-08-08.03:32:33::SCWBifWriter::Writing the Zynq Baremetal bif 
TRACE::2024-08-08.03:32:48::SCWBifWriter::Found the complete platform D:/Work/Hobby_proj/spectrum_analyzer/vitis_workspace/design_1_wrapper_1/export/design_1_wrapper_1/design_1_wrapper_1.xpfm
TRACE::2024-08-08.03:32:48::SCWBifWriter::hardware databse : design_1_wrapper_2
TRACE::2024-08-08.03:32:48::SCWBifWriter::bitstream found in the design
TRACE::2024-08-08.03:32:48::SCWBifWriter::Found a baremetal domain, proc: ps7_cortexa9_0
TRACE::2024-08-08.03:32:48::SCWBifWriter::proc type : 
TRACE::2024-08-08.03:32:48::SCWBifWriter::proc[0] : ps7_cortexa9_0
TRACE::2024-08-08.03:32:48::SCWBifWriter::Device type is : zynq
TRACE::2024-08-08.03:32:48::SCWBifWriter::Writing BIF to file : D:/Work/Hobby_proj/spectrum_analyzer/vitis_workspace/sw_spectrum_system/Debug/system.bif
TRACE::2024-08-08.03:32:48::SCWBifWriter::Writing the Zynq Baremetal bif 
TRACE::2024-08-08.03:32:58::SCWBifWriter::Found the complete platform D:/Work/Hobby_proj/spectrum_analyzer/vitis_workspace/design_1_wrapper_1/export/design_1_wrapper_1/design_1_wrapper_1.xpfm
TRACE::2024-08-08.03:32:58::SCWBifWriter::hardware databse : design_1_wrapper_2
TRACE::2024-08-08.03:32:58::SCWBifWriter::bitstream found in the design
TRACE::2024-08-08.03:32:58::SCWBifWriter::Found a baremetal domain, proc: ps7_cortexa9_0
TRACE::2024-08-08.03:32:58::SCWBifWriter::proc type : 
TRACE::2024-08-08.03:32:58::SCWBifWriter::proc[0] : ps7_cortexa9_0
TRACE::2024-08-08.03:32:58::SCWBifWriter::Device type is : zynq
TRACE::2024-08-08.03:32:58::SCWBifWriter::Writing BIF to file : D:/Work/Hobby_proj/spectrum_analyzer/vitis_workspace/sw_spectrum_system/Debug/system.bif
TRACE::2024-08-08.03:32:58::SCWBifWriter::Writing the Zynq Baremetal bif 
TRACE::2024-08-08.03:36:44::SCWBifWriter::Found the complete platform D:/Work/Hobby_proj/spectrum_analyzer/vitis_workspace/design_1_wrapper_1/export/design_1_wrapper_1/design_1_wrapper_1.xpfm
TRACE::2024-08-08.03:36:44::SCWBifWriter::hardware databse : design_1_wrapper_2
TRACE::2024-08-08.03:36:44::SCWBifWriter::bitstream found in the design
TRACE::2024-08-08.03:36:44::SCWBifWriter::Found a baremetal domain, proc: ps7_cortexa9_0
TRACE::2024-08-08.03:36:44::SCWBifWriter::proc type : 
TRACE::2024-08-08.03:36:44::SCWBifWriter::proc[0] : ps7_cortexa9_0
TRACE::2024-08-08.03:36:44::SCWBifWriter::Device type is : zynq
TRACE::2024-08-08.03:36:44::SCWBifWriter::Writing BIF to file : D:/Work/Hobby_proj/spectrum_analyzer/vitis_workspace/sw_spectrum_system/Debug/system.bif
TRACE::2024-08-08.03:36:44::SCWBifWriter::Writing the Zynq Baremetal bif 
TRACE::2024-08-08.03:40:35::SCWBifWriter::Found the complete platform D:/Work/Hobby_proj/spectrum_analyzer/vitis_workspace/design_1_wrapper_1/export/design_1_wrapper_1/design_1_wrapper_1.xpfm
TRACE::2024-08-08.03:40:35::SCWBifWriter::hardware databse : design_1_wrapper_2
TRACE::2024-08-08.03:40:35::SCWBifWriter::bitstream found in the design
TRACE::2024-08-08.03:40:35::SCWBifWriter::Found a baremetal domain, proc: ps7_cortexa9_0
TRACE::2024-08-08.03:40:35::SCWBifWriter::proc type : 
TRACE::2024-08-08.03:40:35::SCWBifWriter::proc[0] : ps7_cortexa9_0
TRACE::2024-08-08.03:40:35::SCWBifWriter::Device type is : zynq
TRACE::2024-08-08.03:40:35::SCWBifWriter::Writing BIF to file : D:/Work/Hobby_proj/spectrum_analyzer/vitis_workspace/sw_spectrum_system/Debug/system.bif
TRACE::2024-08-08.03:40:35::SCWBifWriter::Writing the Zynq Baremetal bif 
TRACE::2024-08-08.03:41:49::SCWBifWriter::Found the complete platform D:/Work/Hobby_proj/spectrum_analyzer/vitis_workspace/design_1_wrapper_1/export/design_1_wrapper_1/design_1_wrapper_1.xpfm
TRACE::2024-08-08.03:41:49::SCWBifWriter::hardware databse : design_1_wrapper_2
TRACE::2024-08-08.03:41:49::SCWBifWriter::bitstream found in the design
TRACE::2024-08-08.03:41:49::SCWBifWriter::Found a baremetal domain, proc: ps7_cortexa9_0
TRACE::2024-08-08.03:41:49::SCWBifWriter::proc type : 
TRACE::2024-08-08.03:41:49::SCWBifWriter::proc[0] : ps7_cortexa9_0
TRACE::2024-08-08.03:41:49::SCWBifWriter::Device type is : zynq
TRACE::2024-08-08.03:41:49::SCWBifWriter::Writing BIF to file : D:/Work/Hobby_proj/spectrum_analyzer/vitis_workspace/sw_spectrum_system/Debug/system.bif
TRACE::2024-08-08.03:41:49::SCWBifWriter::Writing the Zynq Baremetal bif 
TRACE::2024-08-08.03:42:00::SCWBifWriter::Found the complete platform D:/Work/Hobby_proj/spectrum_analyzer/vitis_workspace/design_1_wrapper_1/export/design_1_wrapper_1/design_1_wrapper_1.xpfm
TRACE::2024-08-08.03:42:00::SCWBifWriter::hardware databse : design_1_wrapper_2
TRACE::2024-08-08.03:42:00::SCWBifWriter::bitstream found in the design
TRACE::2024-08-08.03:42:00::SCWBifWriter::Found a baremetal domain, proc: ps7_cortexa9_0
TRACE::2024-08-08.03:42:00::SCWBifWriter::proc type : 
TRACE::2024-08-08.03:42:00::SCWBifWriter::proc[0] : ps7_cortexa9_0
TRACE::2024-08-08.03:42:00::SCWBifWriter::Device type is : zynq
TRACE::2024-08-08.03:42:00::SCWBifWriter::Writing BIF to file : D:/Work/Hobby_proj/spectrum_analyzer/vitis_workspace/sw_spectrum_system/Debug/system.bif
TRACE::2024-08-08.03:42:00::SCWBifWriter::Writing the Zynq Baremetal bif 
TRACE::2024-08-08.03:53:39::SCWBifWriter::Found the complete platform D:/Work/Hobby_proj/spectrum_analyzer/vitis_workspace/design_1_wrapper_1/export/design_1_wrapper_1/design_1_wrapper_1.xpfm
TRACE::2024-08-08.03:53:39::SCWBifWriter::hardware databse : design_1_wrapper_6
TRACE::2024-08-08.03:53:39::SCWBifWriter::bitstream found in the design
TRACE::2024-08-08.03:53:39::SCWBifWriter::Found a baremetal domain, proc: ps7_cortexa9_0
TRACE::2024-08-08.03:53:39::SCWBifWriter::proc type : 
TRACE::2024-08-08.03:53:39::SCWBifWriter::proc[0] : ps7_cortexa9_0
TRACE::2024-08-08.03:53:39::SCWBifWriter::Device type is : zynq
TRACE::2024-08-08.03:53:39::SCWBifWriter::Writing BIF to file : D:/Work/Hobby_proj/spectrum_analyzer/vitis_workspace/sw_spectrum_system/Debug/system.bif
TRACE::2024-08-08.03:53:39::SCWBifWriter::Writing the Zynq Baremetal bif 
TRACE::2024-08-08.03:56:09::SCWBifWriter::Found the complete platform D:/Work/Hobby_proj/spectrum_analyzer/vitis_workspace/design_1_wrapper_1/export/design_1_wrapper_1/design_1_wrapper_1.xpfm
TRACE::2024-08-08.03:56:09::SCWBifWriter::hardware databse : design_1_wrapper_6
TRACE::2024-08-08.03:56:09::SCWBifWriter::bitstream found in the design
TRACE::2024-08-08.03:56:09::SCWBifWriter::Found a baremetal domain, proc: ps7_cortexa9_0
TRACE::2024-08-08.03:56:09::SCWBifWriter::proc type : 
TRACE::2024-08-08.03:56:09::SCWBifWriter::proc[0] : ps7_cortexa9_0
TRACE::2024-08-08.03:56:09::SCWBifWriter::Device type is : zynq
TRACE::2024-08-08.03:56:09::SCWBifWriter::Writing BIF to file : D:/Work/Hobby_proj/spectrum_analyzer/vitis_workspace/sw_spectrum_system/Debug/system.bif
TRACE::2024-08-08.03:56:09::SCWBifWriter::Writing the Zynq Baremetal bif 
TRACE::2024-08-09.02:23:39::SCWBifWriter::Found the complete platform D:/Work/Hobby_proj/spectrum_analyzer/vitis_workspace/design_1_wrapper_1/export/design_1_wrapper_1/design_1_wrapper_1.xpfm
TRACE::2024-08-09.02:23:39::SCWBifWriter::hardware databse : design_1_wrapper_3
TRACE::2024-08-09.02:23:39::SCWBifWriter::bitstream found in the design
TRACE::2024-08-09.02:23:39::SCWBifWriter::Found a baremetal domain, proc: ps7_cortexa9_0
TRACE::2024-08-09.02:23:39::SCWBifWriter::proc type : 
TRACE::2024-08-09.02:23:39::SCWBifWriter::proc[0] : ps7_cortexa9_0
TRACE::2024-08-09.02:23:39::SCWBifWriter::Device type is : zynq
TRACE::2024-08-09.02:23:39::SCWBifWriter::Writing BIF to file : D:/Work/Hobby_proj/spectrum_analyzer/vitis_workspace/sw_spectrum_system/Debug/system.bif
TRACE::2024-08-09.02:23:39::SCWBifWriter::Writing the Zynq Baremetal bif 
TRACE::2024-08-09.02:24:36::SCWBifWriter::Found the complete platform D:/Work/Hobby_proj/spectrum_analyzer/vitis_workspace/design_1_wrapper_1/export/design_1_wrapper_1/design_1_wrapper_1.xpfm
TRACE::2024-08-09.02:24:36::SCWBifWriter::hardware databse : design_1_wrapper_3
TRACE::2024-08-09.02:24:36::SCWBifWriter::bitstream found in the design
TRACE::2024-08-09.02:24:36::SCWBifWriter::Found a baremetal domain, proc: ps7_cortexa9_0
TRACE::2024-08-09.02:24:36::SCWBifWriter::proc type : 
TRACE::2024-08-09.02:24:36::SCWBifWriter::proc[0] : ps7_cortexa9_0
TRACE::2024-08-09.02:24:36::SCWBifWriter::Device type is : zynq
TRACE::2024-08-09.02:24:36::SCWBifWriter::Writing BIF to file : D:/Work/Hobby_proj/spectrum_analyzer/vitis_workspace/sw_spectrum_system/Debug/system.bif
TRACE::2024-08-09.02:24:36::SCWBifWriter::Writing the Zynq Baremetal bif 
TRACE::2024-08-09.02:27:51::SCWBifWriter::Found the complete platform D:/Work/Hobby_proj/spectrum_analyzer/vitis_workspace/design_1_wrapper_1/export/design_1_wrapper_1/design_1_wrapper_1.xpfm
TRACE::2024-08-09.02:27:51::SCWBifWriter::hardware databse : design_1_wrapper_3
TRACE::2024-08-09.02:27:51::SCWBifWriter::bitstream found in the design
TRACE::2024-08-09.02:27:51::SCWBifWriter::Found a baremetal domain, proc: ps7_cortexa9_0
TRACE::2024-08-09.02:27:51::SCWBifWriter::proc type : 
TRACE::2024-08-09.02:27:51::SCWBifWriter::proc[0] : ps7_cortexa9_0
TRACE::2024-08-09.02:27:51::SCWBifWriter::Device type is : zynq
TRACE::2024-08-09.02:27:51::SCWBifWriter::Writing BIF to file : D:/Work/Hobby_proj/spectrum_analyzer/vitis_workspace/sw_spectrum_system/Debug/system.bif
TRACE::2024-08-09.02:27:51::SCWBifWriter::Writing the Zynq Baremetal bif 
TRACE::2024-08-09.03:21:45::SCWBifWriter::Found the complete platform D:/Work/Hobby_proj/spectrum_analyzer/vitis_workspace/design_1_wrapper_1/export/design_1_wrapper_1/design_1_wrapper_1.xpfm
TRACE::2024-08-09.03:21:45::SCWBifWriter::hardware databse : design_1_wrapper_7
TRACE::2024-08-09.03:21:45::SCWBifWriter::bitstream found in the design
TRACE::2024-08-09.03:21:45::SCWBifWriter::Found a baremetal domain, proc: ps7_cortexa9_0
TRACE::2024-08-09.03:21:45::SCWBifWriter::proc type : 
TRACE::2024-08-09.03:21:45::SCWBifWriter::proc[0] : ps7_cortexa9_0
TRACE::2024-08-09.03:21:45::SCWBifWriter::Device type is : zynq
TRACE::2024-08-09.03:21:45::SCWBifWriter::Writing BIF to file : D:/Work/Hobby_proj/spectrum_analyzer/vitis_workspace/sw_spectrum_system/Debug/system.bif
TRACE::2024-08-09.03:21:45::SCWBifWriter::Writing the Zynq Baremetal bif 
TRACE::2024-08-09.03:23:38::SCWBifWriter::Found the complete platform D:/Work/Hobby_proj/spectrum_analyzer/vitis_workspace/design_1_wrapper_1/export/design_1_wrapper_1/design_1_wrapper_1.xpfm
TRACE::2024-08-09.03:23:38::SCWBifWriter::hardware databse : design_1_wrapper_7
TRACE::2024-08-09.03:23:38::SCWBifWriter::bitstream found in the design
TRACE::2024-08-09.03:23:38::SCWBifWriter::Found a baremetal domain, proc: ps7_cortexa9_0
TRACE::2024-08-09.03:23:38::SCWBifWriter::proc type : 
TRACE::2024-08-09.03:23:38::SCWBifWriter::proc[0] : ps7_cortexa9_0
TRACE::2024-08-09.03:23:38::SCWBifWriter::Device type is : zynq
TRACE::2024-08-09.03:23:38::SCWBifWriter::Writing BIF to file : D:/Work/Hobby_proj/spectrum_analyzer/vitis_workspace/sw_spectrum_system/Debug/system.bif
TRACE::2024-08-09.03:23:38::SCWBifWriter::Writing the Zynq Baremetal bif 
TRACE::2024-08-09.03:23:43::SCWBifWriter::Found the complete platform D:/Work/Hobby_proj/spectrum_analyzer/vitis_workspace/design_1_wrapper_1/export/design_1_wrapper_1/design_1_wrapper_1.xpfm
TRACE::2024-08-09.03:23:43::SCWBifWriter::hardware databse : design_1_wrapper_7
TRACE::2024-08-09.03:23:43::SCWBifWriter::bitstream found in the design
TRACE::2024-08-09.03:23:43::SCWBifWriter::Found a baremetal domain, proc: ps7_cortexa9_0
TRACE::2024-08-09.03:23:43::SCWBifWriter::proc type : 
TRACE::2024-08-09.03:23:43::SCWBifWriter::proc[0] : ps7_cortexa9_0
TRACE::2024-08-09.03:23:43::SCWBifWriter::Device type is : zynq
TRACE::2024-08-09.03:23:43::SCWBifWriter::Writing BIF to file : D:/Work/Hobby_proj/spectrum_analyzer/vitis_workspace/sw_spectrum_system/Debug/system.bif
TRACE::2024-08-09.03:23:43::SCWBifWriter::Writing the Zynq Baremetal bif 
TRACE::2024-08-09.03:23:57::SCWBifWriter::Found the complete platform D:/Work/Hobby_proj/spectrum_analyzer/vitis_workspace/design_1_wrapper_1/export/design_1_wrapper_1/design_1_wrapper_1.xpfm
TRACE::2024-08-09.03:23:57::SCWBifWriter::hardware databse : design_1_wrapper_7
TRACE::2024-08-09.03:23:57::SCWBifWriter::bitstream found in the design
TRACE::2024-08-09.03:23:57::SCWBifWriter::Found a baremetal domain, proc: ps7_cortexa9_0
TRACE::2024-08-09.03:23:57::SCWBifWriter::proc type : 
TRACE::2024-08-09.03:23:57::SCWBifWriter::proc[0] : ps7_cortexa9_0
TRACE::2024-08-09.03:23:57::SCWBifWriter::Device type is : zynq
TRACE::2024-08-09.03:23:57::SCWBifWriter::Writing BIF to file : D:/Work/Hobby_proj/spectrum_analyzer/vitis_workspace/sw_spectrum_system/Debug/system.bif
TRACE::2024-08-09.03:23:57::SCWBifWriter::Writing the Zynq Baremetal bif 
TRACE::2024-08-09.03:26:44::SCWBifWriter::Found the complete platform D:/Work/Hobby_proj/spectrum_analyzer/vitis_workspace/design_1_wrapper_1/export/design_1_wrapper_1/design_1_wrapper_1.xpfm
TRACE::2024-08-09.03:26:44::SCWBifWriter::hardware databse : design_1_wrapper_7
TRACE::2024-08-09.03:26:44::SCWBifWriter::bitstream found in the design
TRACE::2024-08-09.03:26:44::SCWBifWriter::Found a baremetal domain, proc: ps7_cortexa9_0
TRACE::2024-08-09.03:26:44::SCWBifWriter::proc type : 
TRACE::2024-08-09.03:26:44::SCWBifWriter::proc[0] : ps7_cortexa9_0
TRACE::2024-08-09.03:26:44::SCWBifWriter::Device type is : zynq
TRACE::2024-08-09.03:26:44::SCWBifWriter::Writing BIF to file : D:/Work/Hobby_proj/spectrum_analyzer/vitis_workspace/sw_spectrum_system/Debug/system.bif
TRACE::2024-08-09.03:26:44::SCWBifWriter::Writing the Zynq Baremetal bif 
TRACE::2024-08-09.03:32:15::SCWBifWriter::Found the complete platform D:/Work/Hobby_proj/spectrum_analyzer/vitis_workspace/design_1_wrapper_1/export/design_1_wrapper_1/design_1_wrapper_1.xpfm
TRACE::2024-08-09.03:32:15::SCWBifWriter::hardware databse : design_1_wrapper_7
TRACE::2024-08-09.03:32:15::SCWBifWriter::bitstream found in the design
TRACE::2024-08-09.03:32:15::SCWBifWriter::Found a baremetal domain, proc: ps7_cortexa9_0
TRACE::2024-08-09.03:32:15::SCWBifWriter::proc type : 
TRACE::2024-08-09.03:32:15::SCWBifWriter::proc[0] : ps7_cortexa9_0
TRACE::2024-08-09.03:32:15::SCWBifWriter::Device type is : zynq
TRACE::2024-08-09.03:32:15::SCWBifWriter::Writing BIF to file : D:/Work/Hobby_proj/spectrum_analyzer/vitis_workspace/sw_spectrum_system/Debug/system.bif
TRACE::2024-08-09.03:32:15::SCWBifWriter::Writing the Zynq Baremetal bif 
TRACE::2024-08-09.03:34:35::SCWBifWriter::Found the complete platform D:/Work/Hobby_proj/spectrum_analyzer/vitis_workspace/design_1_wrapper_1/export/design_1_wrapper_1/design_1_wrapper_1.xpfm
TRACE::2024-08-09.03:34:35::SCWBifWriter::hardware databse : design_1_wrapper_7
TRACE::2024-08-09.03:34:35::SCWBifWriter::bitstream found in the design
TRACE::2024-08-09.03:34:35::SCWBifWriter::Found a baremetal domain, proc: ps7_cortexa9_0
TRACE::2024-08-09.03:34:35::SCWBifWriter::proc type : 
TRACE::2024-08-09.03:34:35::SCWBifWriter::proc[0] : ps7_cortexa9_0
TRACE::2024-08-09.03:34:35::SCWBifWriter::Device type is : zynq
TRACE::2024-08-09.03:34:35::SCWBifWriter::Writing BIF to file : D:/Work/Hobby_proj/spectrum_analyzer/vitis_workspace/sw_spectrum_system/Debug/system.bif
TRACE::2024-08-09.03:34:35::SCWBifWriter::Writing the Zynq Baremetal bif 
TRACE::2024-08-09.03:34:43::SCWBifWriter::Found the complete platform D:/Work/Hobby_proj/spectrum_analyzer/vitis_workspace/design_1_wrapper_1/export/design_1_wrapper_1/design_1_wrapper_1.xpfm
TRACE::2024-08-09.03:34:43::SCWBifWriter::hardware databse : design_1_wrapper_7
TRACE::2024-08-09.03:34:43::SCWBifWriter::bitstream found in the design
TRACE::2024-08-09.03:34:43::SCWBifWriter::Found a baremetal domain, proc: ps7_cortexa9_0
TRACE::2024-08-09.03:34:43::SCWBifWriter::proc type : 
TRACE::2024-08-09.03:34:43::SCWBifWriter::proc[0] : ps7_cortexa9_0
TRACE::2024-08-09.03:34:43::SCWBifWriter::Device type is : zynq
TRACE::2024-08-09.03:34:43::SCWBifWriter::Writing BIF to file : D:/Work/Hobby_proj/spectrum_analyzer/vitis_workspace/sw_spectrum_system/Debug/system.bif
TRACE::2024-08-09.03:34:43::SCWBifWriter::Writing the Zynq Baremetal bif 
TRACE::2024-08-09.03:54:18::SCWBifWriter::Found the complete platform D:/Work/Hobby_proj/spectrum_analyzer/vitis_workspace/design_1_wrapper_1/export/design_1_wrapper_1/design_1_wrapper_1.xpfm
TRACE::2024-08-09.03:54:18::SCWBifWriter::hardware databse : design_1_wrapper_11
TRACE::2024-08-09.03:54:18::SCWBifWriter::bitstream found in the design
TRACE::2024-08-09.03:54:18::SCWBifWriter::Found a baremetal domain, proc: ps7_cortexa9_0
TRACE::2024-08-09.03:54:18::SCWBifWriter::proc type : 
TRACE::2024-08-09.03:54:18::SCWBifWriter::proc[0] : ps7_cortexa9_0
TRACE::2024-08-09.03:54:18::SCWBifWriter::Device type is : zynq
TRACE::2024-08-09.03:54:18::SCWBifWriter::Writing BIF to file : D:/Work/Hobby_proj/spectrum_analyzer/vitis_workspace/sw_spectrum_system/Debug/system.bif
TRACE::2024-08-09.03:54:18::SCWBifWriter::Writing the Zynq Baremetal bif 
TRACE::2024-08-10.00:31:56::SCWBifWriter::Found the complete platform D:/Work/Hobby_proj/spectrum_analyzer/vitis_workspace/design_1_wrapper_1/export/design_1_wrapper_1/design_1_wrapper_1.xpfm
TRACE::2024-08-10.00:31:56::SCWBifWriter::hardware databse : design_1_wrapper_2
TRACE::2024-08-10.00:31:56::SCWBifWriter::bitstream found in the design
TRACE::2024-08-10.00:31:56::SCWBifWriter::Found a baremetal domain, proc: ps7_cortexa9_0
TRACE::2024-08-10.00:31:56::SCWBifWriter::proc type : 
TRACE::2024-08-10.00:31:56::SCWBifWriter::proc[0] : ps7_cortexa9_0
TRACE::2024-08-10.00:31:56::SCWBifWriter::Device type is : zynq
TRACE::2024-08-10.00:31:56::SCWBifWriter::Writing BIF to file : D:/Work/Hobby_proj/spectrum_analyzer/vitis_workspace/sw_spectrum_system/Debug/system.bif
TRACE::2024-08-10.00:31:56::SCWBifWriter::Writing the Zynq Baremetal bif 
TRACE::2024-08-10.00:34:08::SCWBifWriter::Found the complete platform D:/Work/Hobby_proj/spectrum_analyzer/vitis_workspace/design_1_wrapper_1/export/design_1_wrapper_1/design_1_wrapper_1.xpfm
TRACE::2024-08-10.00:34:08::SCWBifWriter::hardware databse : design_1_wrapper_2
TRACE::2024-08-10.00:34:08::SCWBifWriter::bitstream found in the design
TRACE::2024-08-10.00:34:08::SCWBifWriter::Found a baremetal domain, proc: ps7_cortexa9_0
TRACE::2024-08-10.00:34:08::SCWBifWriter::proc type : 
TRACE::2024-08-10.00:34:08::SCWBifWriter::proc[0] : ps7_cortexa9_0
TRACE::2024-08-10.00:34:08::SCWBifWriter::Device type is : zynq
TRACE::2024-08-10.00:34:08::SCWBifWriter::Writing BIF to file : D:/Work/Hobby_proj/spectrum_analyzer/vitis_workspace/sw_spectrum_system/Debug/system.bif
TRACE::2024-08-10.00:34:08::SCWBifWriter::Writing the Zynq Baremetal bif 
TRACE::2024-08-10.00:34:31::SCWBifWriter::Found the complete platform D:/Work/Hobby_proj/spectrum_analyzer/vitis_workspace/design_1_wrapper_1/export/design_1_wrapper_1/design_1_wrapper_1.xpfm
TRACE::2024-08-10.00:34:31::SCWBifWriter::hardware databse : design_1_wrapper_2
TRACE::2024-08-10.00:34:31::SCWBifWriter::bitstream found in the design
TRACE::2024-08-10.00:34:31::SCWBifWriter::Found a baremetal domain, proc: ps7_cortexa9_0
TRACE::2024-08-10.00:34:31::SCWBifWriter::proc type : 
TRACE::2024-08-10.00:34:31::SCWBifWriter::proc[0] : ps7_cortexa9_0
TRACE::2024-08-10.00:34:31::SCWBifWriter::Device type is : zynq
TRACE::2024-08-10.00:34:31::SCWBifWriter::Writing BIF to file : D:/Work/Hobby_proj/spectrum_analyzer/vitis_workspace/sw_spectrum_system/Debug/system.bif
TRACE::2024-08-10.00:34:31::SCWBifWriter::Writing the Zynq Baremetal bif 
TRACE::2024-08-10.00:35:14::SCWBifWriter::Found the complete platform D:/Work/Hobby_proj/spectrum_analyzer/vitis_workspace/design_1_wrapper_1/export/design_1_wrapper_1/design_1_wrapper_1.xpfm
TRACE::2024-08-10.00:35:14::SCWBifWriter::hardware databse : design_1_wrapper_2
TRACE::2024-08-10.00:35:14::SCWBifWriter::bitstream found in the design
TRACE::2024-08-10.00:35:14::SCWBifWriter::Found a baremetal domain, proc: ps7_cortexa9_0
TRACE::2024-08-10.00:35:14::SCWBifWriter::proc type : 
TRACE::2024-08-10.00:35:14::SCWBifWriter::proc[0] : ps7_cortexa9_0
TRACE::2024-08-10.00:35:14::SCWBifWriter::Device type is : zynq
TRACE::2024-08-10.00:35:14::SCWBifWriter::Writing BIF to file : D:/Work/Hobby_proj/spectrum_analyzer/vitis_workspace/sw_spectrum_system/Debug/system.bif
TRACE::2024-08-10.00:35:14::SCWBifWriter::Writing the Zynq Baremetal bif 
TRACE::2024-08-10.00:35:30::SCWBifWriter::Found the complete platform D:/Work/Hobby_proj/spectrum_analyzer/vitis_workspace/design_1_wrapper_1/export/design_1_wrapper_1/design_1_wrapper_1.xpfm
TRACE::2024-08-10.00:35:30::SCWBifWriter::hardware databse : design_1_wrapper_2
TRACE::2024-08-10.00:35:30::SCWBifWriter::bitstream found in the design
TRACE::2024-08-10.00:35:30::SCWBifWriter::Found a baremetal domain, proc: ps7_cortexa9_0
TRACE::2024-08-10.00:35:30::SCWBifWriter::proc type : 
TRACE::2024-08-10.00:35:30::SCWBifWriter::proc[0] : ps7_cortexa9_0
TRACE::2024-08-10.00:35:30::SCWBifWriter::Device type is : zynq
TRACE::2024-08-10.00:35:30::SCWBifWriter::Writing BIF to file : D:/Work/Hobby_proj/spectrum_analyzer/vitis_workspace/sw_spectrum_system/Debug/system.bif
TRACE::2024-08-10.00:35:30::SCWBifWriter::Writing the Zynq Baremetal bif 
TRACE::2024-08-10.00:36:13::SCWBifWriter::Found the complete platform D:/Work/Hobby_proj/spectrum_analyzer/vitis_workspace/design_1_wrapper_1/export/design_1_wrapper_1/design_1_wrapper_1.xpfm
TRACE::2024-08-10.00:36:13::SCWBifWriter::hardware databse : design_1_wrapper_2
TRACE::2024-08-10.00:36:13::SCWBifWriter::bitstream found in the design
TRACE::2024-08-10.00:36:13::SCWBifWriter::Found a baremetal domain, proc: ps7_cortexa9_0
TRACE::2024-08-10.00:36:13::SCWBifWriter::proc type : 
TRACE::2024-08-10.00:36:13::SCWBifWriter::proc[0] : ps7_cortexa9_0
TRACE::2024-08-10.00:36:13::SCWBifWriter::Device type is : zynq
TRACE::2024-08-10.00:36:13::SCWBifWriter::Writing BIF to file : D:/Work/Hobby_proj/spectrum_analyzer/vitis_workspace/sw_spectrum_system/Debug/system.bif
TRACE::2024-08-10.00:36:13::SCWBifWriter::Writing the Zynq Baremetal bif 
TRACE::2024-08-10.00:36:57::SCWBifWriter::Found the complete platform D:/Work/Hobby_proj/spectrum_analyzer/vitis_workspace/design_1_wrapper_1/export/design_1_wrapper_1/design_1_wrapper_1.xpfm
TRACE::2024-08-10.00:36:57::SCWBifWriter::hardware databse : design_1_wrapper_2
TRACE::2024-08-10.00:36:57::SCWBifWriter::bitstream found in the design
TRACE::2024-08-10.00:36:57::SCWBifWriter::Found a baremetal domain, proc: ps7_cortexa9_0
TRACE::2024-08-10.00:36:57::SCWBifWriter::proc type : 
TRACE::2024-08-10.00:36:57::SCWBifWriter::proc[0] : ps7_cortexa9_0
TRACE::2024-08-10.00:36:57::SCWBifWriter::Device type is : zynq
TRACE::2024-08-10.00:36:57::SCWBifWriter::Writing BIF to file : D:/Work/Hobby_proj/spectrum_analyzer/vitis_workspace/sw_spectrum_system/Debug/system.bif
TRACE::2024-08-10.00:36:57::SCWBifWriter::Writing the Zynq Baremetal bif 
TRACE::2024-08-10.00:50:06::SCWBifWriter::Found the complete platform D:/Work/Hobby_proj/spectrum_analyzer/vitis_workspace/design_1_wrapper_1/export/design_1_wrapper_1/design_1_wrapper_1.xpfm
TRACE::2024-08-10.00:50:06::SCWBifWriter::hardware databse : design_1_wrapper_2
TRACE::2024-08-10.00:50:06::SCWBifWriter::bitstream found in the design
TRACE::2024-08-10.00:50:06::SCWBifWriter::Found a baremetal domain, proc: ps7_cortexa9_0
TRACE::2024-08-10.00:50:06::SCWBifWriter::proc type : 
TRACE::2024-08-10.00:50:06::SCWBifWriter::proc[0] : ps7_cortexa9_0
TRACE::2024-08-10.00:50:06::SCWBifWriter::Device type is : zynq
TRACE::2024-08-10.00:50:06::SCWBifWriter::Writing BIF to file : D:/Work/Hobby_proj/spectrum_analyzer/vitis_workspace/sw_spectrum_system/Debug/system.bif
TRACE::2024-08-10.00:50:06::SCWBifWriter::Writing the Zynq Baremetal bif 
TRACE::2024-08-10.00:50:18::SCWBifWriter::Found the complete platform D:/Work/Hobby_proj/spectrum_analyzer/vitis_workspace/design_1_wrapper_1/export/design_1_wrapper_1/design_1_wrapper_1.xpfm
TRACE::2024-08-10.00:50:18::SCWBifWriter::hardware databse : design_1_wrapper_2
TRACE::2024-08-10.00:50:18::SCWBifWriter::bitstream found in the design
TRACE::2024-08-10.00:50:18::SCWBifWriter::Found a baremetal domain, proc: ps7_cortexa9_0
TRACE::2024-08-10.00:50:18::SCWBifWriter::proc type : 
TRACE::2024-08-10.00:50:18::SCWBifWriter::proc[0] : ps7_cortexa9_0
TRACE::2024-08-10.00:50:18::SCWBifWriter::Device type is : zynq
TRACE::2024-08-10.00:50:18::SCWBifWriter::Writing BIF to file : D:/Work/Hobby_proj/spectrum_analyzer/vitis_workspace/sw_spectrum_system/Debug/system.bif
TRACE::2024-08-10.00:50:18::SCWBifWriter::Writing the Zynq Baremetal bif 
TRACE::2024-08-10.00:50:50::SCWBifWriter::Found the complete platform D:/Work/Hobby_proj/spectrum_analyzer/vitis_workspace/design_1_wrapper_1/export/design_1_wrapper_1/design_1_wrapper_1.xpfm
TRACE::2024-08-10.00:50:51::SCWBifWriter::hardware databse : design_1_wrapper_2
TRACE::2024-08-10.00:50:51::SCWBifWriter::bitstream found in the design
TRACE::2024-08-10.00:50:51::SCWBifWriter::Found a baremetal domain, proc: ps7_cortexa9_0
TRACE::2024-08-10.00:50:51::SCWBifWriter::proc type : 
TRACE::2024-08-10.00:50:51::SCWBifWriter::proc[0] : ps7_cortexa9_0
TRACE::2024-08-10.00:50:51::SCWBifWriter::Device type is : zynq
TRACE::2024-08-10.00:50:51::SCWBifWriter::Writing BIF to file : D:/Work/Hobby_proj/spectrum_analyzer/vitis_workspace/sw_spectrum_system/Debug/system.bif
TRACE::2024-08-10.00:50:51::SCWBifWriter::Writing the Zynq Baremetal bif 
TRACE::2024-08-10.00:53:33::SCWBifWriter::Found the complete platform D:/Work/Hobby_proj/spectrum_analyzer/vitis_workspace/design_1_wrapper_1/export/design_1_wrapper_1/design_1_wrapper_1.xpfm
TRACE::2024-08-10.00:53:33::SCWBifWriter::hardware databse : design_1_wrapper_2
TRACE::2024-08-10.00:53:33::SCWBifWriter::bitstream found in the design
TRACE::2024-08-10.00:53:33::SCWBifWriter::Found a baremetal domain, proc: ps7_cortexa9_0
TRACE::2024-08-10.00:53:33::SCWBifWriter::proc type : 
TRACE::2024-08-10.00:53:33::SCWBifWriter::proc[0] : ps7_cortexa9_0
TRACE::2024-08-10.00:53:33::SCWBifWriter::Device type is : zynq
TRACE::2024-08-10.00:53:33::SCWBifWriter::Writing BIF to file : D:/Work/Hobby_proj/spectrum_analyzer/vitis_workspace/sw_spectrum_system/Debug/system.bif
TRACE::2024-08-10.00:53:33::SCWBifWriter::Writing the Zynq Baremetal bif 
TRACE::2024-08-10.00:57:44::SCWBifWriter::Found the complete platform D:/Work/Hobby_proj/spectrum_analyzer/vitis_workspace/design_1_wrapper_1/export/design_1_wrapper_1/design_1_wrapper_1.xpfm
TRACE::2024-08-10.00:57:44::SCWBifWriter::hardware databse : design_1_wrapper_2
TRACE::2024-08-10.00:57:44::SCWBifWriter::bitstream found in the design
TRACE::2024-08-10.00:57:44::SCWBifWriter::Found a baremetal domain, proc: ps7_cortexa9_0
TRACE::2024-08-10.00:57:44::SCWBifWriter::proc type : 
TRACE::2024-08-10.00:57:44::SCWBifWriter::proc[0] : ps7_cortexa9_0
TRACE::2024-08-10.00:57:44::SCWBifWriter::Device type is : zynq
TRACE::2024-08-10.00:57:44::SCWBifWriter::Writing BIF to file : D:/Work/Hobby_proj/spectrum_analyzer/vitis_workspace/sw_spectrum_system/Debug/system.bif
TRACE::2024-08-10.00:57:44::SCWBifWriter::Writing the Zynq Baremetal bif 
TRACE::2024-08-10.00:57:54::SCWBifWriter::Found the complete platform D:/Work/Hobby_proj/spectrum_analyzer/vitis_workspace/design_1_wrapper_1/export/design_1_wrapper_1/design_1_wrapper_1.xpfm
TRACE::2024-08-10.00:57:54::SCWBifWriter::hardware databse : design_1_wrapper_2
TRACE::2024-08-10.00:57:54::SCWBifWriter::bitstream found in the design
TRACE::2024-08-10.00:57:54::SCWBifWriter::Found a baremetal domain, proc: ps7_cortexa9_0
TRACE::2024-08-10.00:57:54::SCWBifWriter::proc type : 
TRACE::2024-08-10.00:57:54::SCWBifWriter::proc[0] : ps7_cortexa9_0
TRACE::2024-08-10.00:57:54::SCWBifWriter::Device type is : zynq
TRACE::2024-08-10.00:57:54::SCWBifWriter::Writing BIF to file : D:/Work/Hobby_proj/spectrum_analyzer/vitis_workspace/sw_spectrum_system/Debug/system.bif
TRACE::2024-08-10.00:57:54::SCWBifWriter::Writing the Zynq Baremetal bif 
TRACE::2024-08-10.00:58:11::SCWBifWriter::Found the complete platform D:/Work/Hobby_proj/spectrum_analyzer/vitis_workspace/design_1_wrapper_1/export/design_1_wrapper_1/design_1_wrapper_1.xpfm
TRACE::2024-08-10.00:58:11::SCWBifWriter::hardware databse : design_1_wrapper_2
TRACE::2024-08-10.00:58:11::SCWBifWriter::bitstream found in the design
TRACE::2024-08-10.00:58:11::SCWBifWriter::Found a baremetal domain, proc: ps7_cortexa9_0
TRACE::2024-08-10.00:58:11::SCWBifWriter::proc type : 
TRACE::2024-08-10.00:58:11::SCWBifWriter::proc[0] : ps7_cortexa9_0
TRACE::2024-08-10.00:58:11::SCWBifWriter::Device type is : zynq
TRACE::2024-08-10.00:58:11::SCWBifWriter::Writing BIF to file : D:/Work/Hobby_proj/spectrum_analyzer/vitis_workspace/sw_spectrum_system/Debug/system.bif
TRACE::2024-08-10.00:58:11::SCWBifWriter::Writing the Zynq Baremetal bif 
TRACE::2024-08-10.00:58:27::SCWBifWriter::Found the complete platform D:/Work/Hobby_proj/spectrum_analyzer/vitis_workspace/design_1_wrapper_1/export/design_1_wrapper_1/design_1_wrapper_1.xpfm
TRACE::2024-08-10.00:58:27::SCWBifWriter::hardware databse : design_1_wrapper_2
TRACE::2024-08-10.00:58:27::SCWBifWriter::bitstream found in the design
TRACE::2024-08-10.00:58:27::SCWBifWriter::Found a baremetal domain, proc: ps7_cortexa9_0
TRACE::2024-08-10.00:58:27::SCWBifWriter::proc type : 
TRACE::2024-08-10.00:58:27::SCWBifWriter::proc[0] : ps7_cortexa9_0
TRACE::2024-08-10.00:58:27::SCWBifWriter::Device type is : zynq
TRACE::2024-08-10.00:58:27::SCWBifWriter::Writing BIF to file : D:/Work/Hobby_proj/spectrum_analyzer/vitis_workspace/sw_spectrum_system/Debug/system.bif
TRACE::2024-08-10.00:58:27::SCWBifWriter::Writing the Zynq Baremetal bif 
TRACE::2024-08-10.01:08:15::SCWBifWriter::Found the complete platform D:/Work/Hobby_proj/spectrum_analyzer/vitis_workspace/design_1_wrapper_1/export/design_1_wrapper_1/design_1_wrapper_1.xpfm
TRACE::2024-08-10.01:08:15::SCWBifWriter::hardware databse : design_1_wrapper_2
TRACE::2024-08-10.01:08:15::SCWBifWriter::bitstream found in the design
TRACE::2024-08-10.01:08:15::SCWBifWriter::Found a baremetal domain, proc: ps7_cortexa9_0
TRACE::2024-08-10.01:08:15::SCWBifWriter::proc type : 
TRACE::2024-08-10.01:08:15::SCWBifWriter::proc[0] : ps7_cortexa9_0
TRACE::2024-08-10.01:08:15::SCWBifWriter::Device type is : zynq
TRACE::2024-08-10.01:08:15::SCWBifWriter::Writing BIF to file : D:/Work/Hobby_proj/spectrum_analyzer/vitis_workspace/sw_spectrum_system/Debug/system.bif
TRACE::2024-08-10.01:08:15::SCWBifWriter::Writing the Zynq Baremetal bif 
TRACE::2024-08-10.01:09:18::SCWBifWriter::Found the complete platform D:/Work/Hobby_proj/spectrum_analyzer/vitis_workspace/design_1_wrapper_1/export/design_1_wrapper_1/design_1_wrapper_1.xpfm
TRACE::2024-08-10.01:09:18::SCWBifWriter::hardware databse : design_1_wrapper_2
TRACE::2024-08-10.01:09:18::SCWBifWriter::bitstream found in the design
TRACE::2024-08-10.01:09:18::SCWBifWriter::Found a baremetal domain, proc: ps7_cortexa9_0
TRACE::2024-08-10.01:09:18::SCWBifWriter::proc type : 
TRACE::2024-08-10.01:09:18::SCWBifWriter::proc[0] : ps7_cortexa9_0
TRACE::2024-08-10.01:09:18::SCWBifWriter::Device type is : zynq
TRACE::2024-08-10.01:09:18::SCWBifWriter::Writing BIF to file : D:/Work/Hobby_proj/spectrum_analyzer/vitis_workspace/sw_spectrum_system/Debug/system.bif
TRACE::2024-08-10.01:09:18::SCWBifWriter::Writing the Zynq Baremetal bif 
TRACE::2024-08-10.01:09:25::SCWBifWriter::Found the complete platform D:/Work/Hobby_proj/spectrum_analyzer/vitis_workspace/design_1_wrapper_1/export/design_1_wrapper_1/design_1_wrapper_1.xpfm
TRACE::2024-08-10.01:09:25::SCWBifWriter::hardware databse : design_1_wrapper_2
TRACE::2024-08-10.01:09:25::SCWBifWriter::bitstream found in the design
TRACE::2024-08-10.01:09:25::SCWBifWriter::Found a baremetal domain, proc: ps7_cortexa9_0
TRACE::2024-08-10.01:09:25::SCWBifWriter::proc type : 
TRACE::2024-08-10.01:09:25::SCWBifWriter::proc[0] : ps7_cortexa9_0
TRACE::2024-08-10.01:09:25::SCWBifWriter::Device type is : zynq
TRACE::2024-08-10.01:09:25::SCWBifWriter::Writing BIF to file : D:/Work/Hobby_proj/spectrum_analyzer/vitis_workspace/sw_spectrum_system/Debug/system.bif
TRACE::2024-08-10.01:09:25::SCWBifWriter::Writing the Zynq Baremetal bif 
TRACE::2024-08-10.01:09:31::SCWBifWriter::Found the complete platform D:/Work/Hobby_proj/spectrum_analyzer/vitis_workspace/design_1_wrapper_1/export/design_1_wrapper_1/design_1_wrapper_1.xpfm
TRACE::2024-08-10.01:09:31::SCWBifWriter::hardware databse : design_1_wrapper_2
TRACE::2024-08-10.01:09:31::SCWBifWriter::bitstream found in the design
TRACE::2024-08-10.01:09:31::SCWBifWriter::Found a baremetal domain, proc: ps7_cortexa9_0
TRACE::2024-08-10.01:09:31::SCWBifWriter::proc type : 
TRACE::2024-08-10.01:09:31::SCWBifWriter::proc[0] : ps7_cortexa9_0
TRACE::2024-08-10.01:09:31::SCWBifWriter::Device type is : zynq
TRACE::2024-08-10.01:09:31::SCWBifWriter::Writing BIF to file : D:/Work/Hobby_proj/spectrum_analyzer/vitis_workspace/sw_spectrum_system/Debug/system.bif
TRACE::2024-08-10.01:09:31::SCWBifWriter::Writing the Zynq Baremetal bif 
TRACE::2024-08-10.01:12:30::SCWBifWriter::Found the complete platform D:/Work/Hobby_proj/spectrum_analyzer/vitis_workspace/design_1_wrapper_1/export/design_1_wrapper_1/design_1_wrapper_1.xpfm
TRACE::2024-08-10.01:12:30::SCWBifWriter::hardware databse : design_1_wrapper_2
TRACE::2024-08-10.01:12:30::SCWBifWriter::bitstream found in the design
TRACE::2024-08-10.01:12:30::SCWBifWriter::Found a baremetal domain, proc: ps7_cortexa9_0
TRACE::2024-08-10.01:12:30::SCWBifWriter::proc type : 
TRACE::2024-08-10.01:12:30::SCWBifWriter::proc[0] : ps7_cortexa9_0
TRACE::2024-08-10.01:12:30::SCWBifWriter::Device type is : zynq
TRACE::2024-08-10.01:12:30::SCWBifWriter::Writing BIF to file : D:/Work/Hobby_proj/spectrum_analyzer/vitis_workspace/sw_spectrum_system/Debug/system.bif
TRACE::2024-08-10.01:12:30::SCWBifWriter::Writing the Zynq Baremetal bif 
TRACE::2024-08-10.01:13:15::SCWBifWriter::Found the complete platform D:/Work/Hobby_proj/spectrum_analyzer/vitis_workspace/design_1_wrapper_1/export/design_1_wrapper_1/design_1_wrapper_1.xpfm
TRACE::2024-08-10.01:13:15::SCWBifWriter::hardware databse : design_1_wrapper_2
TRACE::2024-08-10.01:13:15::SCWBifWriter::bitstream found in the design
TRACE::2024-08-10.01:13:15::SCWBifWriter::Found a baremetal domain, proc: ps7_cortexa9_0
TRACE::2024-08-10.01:13:15::SCWBifWriter::proc type : 
TRACE::2024-08-10.01:13:15::SCWBifWriter::proc[0] : ps7_cortexa9_0
TRACE::2024-08-10.01:13:15::SCWBifWriter::Device type is : zynq
TRACE::2024-08-10.01:13:15::SCWBifWriter::Writing BIF to file : D:/Work/Hobby_proj/spectrum_analyzer/vitis_workspace/sw_spectrum_system/Debug/system.bif
TRACE::2024-08-10.01:13:15::SCWBifWriter::Writing the Zynq Baremetal bif 
TRACE::2024-08-10.01:17:40::SCWBifWriter::Found the complete platform D:/Work/Hobby_proj/spectrum_analyzer/vitis_workspace/design_1_wrapper_1/export/design_1_wrapper_1/design_1_wrapper_1.xpfm
TRACE::2024-08-10.01:17:40::SCWBifWriter::hardware databse : design_1_wrapper_2
TRACE::2024-08-10.01:17:40::SCWBifWriter::bitstream found in the design
TRACE::2024-08-10.01:17:40::SCWBifWriter::Found a baremetal domain, proc: ps7_cortexa9_0
TRACE::2024-08-10.01:17:40::SCWBifWriter::proc type : 
TRACE::2024-08-10.01:17:40::SCWBifWriter::proc[0] : ps7_cortexa9_0
TRACE::2024-08-10.01:17:40::SCWBifWriter::Device type is : zynq
TRACE::2024-08-10.01:17:40::SCWBifWriter::Writing BIF to file : D:/Work/Hobby_proj/spectrum_analyzer/vitis_workspace/sw_spectrum_system/Debug/system.bif
TRACE::2024-08-10.01:17:40::SCWBifWriter::Writing the Zynq Baremetal bif 
TRACE::2024-08-10.01:17:50::SCWBifWriter::Found the complete platform D:/Work/Hobby_proj/spectrum_analyzer/vitis_workspace/design_1_wrapper_1/export/design_1_wrapper_1/design_1_wrapper_1.xpfm
TRACE::2024-08-10.01:17:50::SCWBifWriter::hardware databse : design_1_wrapper_2
TRACE::2024-08-10.01:17:50::SCWBifWriter::bitstream found in the design
TRACE::2024-08-10.01:17:50::SCWBifWriter::Found a baremetal domain, proc: ps7_cortexa9_0
TRACE::2024-08-10.01:17:50::SCWBifWriter::proc type : 
TRACE::2024-08-10.01:17:50::SCWBifWriter::proc[0] : ps7_cortexa9_0
TRACE::2024-08-10.01:17:50::SCWBifWriter::Device type is : zynq
TRACE::2024-08-10.01:17:50::SCWBifWriter::Writing BIF to file : D:/Work/Hobby_proj/spectrum_analyzer/vitis_workspace/sw_spectrum_system/Debug/system.bif
TRACE::2024-08-10.01:17:50::SCWBifWriter::Writing the Zynq Baremetal bif 
TRACE::2024-08-10.01:26:14::SCWBifWriter::Found the complete platform D:/Work/Hobby_proj/spectrum_analyzer/vitis_workspace/design_1_wrapper_1/export/design_1_wrapper_1/design_1_wrapper_1.xpfm
TRACE::2024-08-10.01:26:14::SCWBifWriter::hardware databse : design_1_wrapper_2
TRACE::2024-08-10.01:26:14::SCWBifWriter::bitstream found in the design
TRACE::2024-08-10.01:26:14::SCWBifWriter::Found a baremetal domain, proc: ps7_cortexa9_0
TRACE::2024-08-10.01:26:14::SCWBifWriter::proc type : 
TRACE::2024-08-10.01:26:14::SCWBifWriter::proc[0] : ps7_cortexa9_0
TRACE::2024-08-10.01:26:14::SCWBifWriter::Device type is : zynq
TRACE::2024-08-10.01:26:14::SCWBifWriter::Writing BIF to file : D:/Work/Hobby_proj/spectrum_analyzer/vitis_workspace/sw_spectrum_system/Debug/system.bif
TRACE::2024-08-10.01:26:14::SCWBifWriter::Writing the Zynq Baremetal bif 
TRACE::2024-08-10.01:29:48::SCWBifWriter::Found the complete platform D:/Work/Hobby_proj/spectrum_analyzer/vitis_workspace/design_1_wrapper_1/export/design_1_wrapper_1/design_1_wrapper_1.xpfm
TRACE::2024-08-10.01:29:48::SCWBifWriter::hardware databse : design_1_wrapper_2
TRACE::2024-08-10.01:29:48::SCWBifWriter::bitstream found in the design
TRACE::2024-08-10.01:29:48::SCWBifWriter::Found a baremetal domain, proc: ps7_cortexa9_0
TRACE::2024-08-10.01:29:48::SCWBifWriter::proc type : 
TRACE::2024-08-10.01:29:48::SCWBifWriter::proc[0] : ps7_cortexa9_0
TRACE::2024-08-10.01:29:48::SCWBifWriter::Device type is : zynq
TRACE::2024-08-10.01:29:48::SCWBifWriter::Writing BIF to file : D:/Work/Hobby_proj/spectrum_analyzer/vitis_workspace/sw_spectrum_system/Debug/system.bif
TRACE::2024-08-10.01:29:48::SCWBifWriter::Writing the Zynq Baremetal bif 
TRACE::2024-08-10.01:31:16::SCWBifWriter::Found the complete platform D:/Work/Hobby_proj/spectrum_analyzer/vitis_workspace/design_1_wrapper_1/export/design_1_wrapper_1/design_1_wrapper_1.xpfm
TRACE::2024-08-10.01:31:16::SCWBifWriter::hardware databse : design_1_wrapper_2
TRACE::2024-08-10.01:31:16::SCWBifWriter::bitstream found in the design
TRACE::2024-08-10.01:31:16::SCWBifWriter::Found a baremetal domain, proc: ps7_cortexa9_0
TRACE::2024-08-10.01:31:16::SCWBifWriter::proc type : 
TRACE::2024-08-10.01:31:16::SCWBifWriter::proc[0] : ps7_cortexa9_0
TRACE::2024-08-10.01:31:16::SCWBifWriter::Device type is : zynq
TRACE::2024-08-10.01:31:16::SCWBifWriter::Writing BIF to file : D:/Work/Hobby_proj/spectrum_analyzer/vitis_workspace/sw_spectrum_system/Debug/system.bif
TRACE::2024-08-10.01:31:16::SCWBifWriter::Writing the Zynq Baremetal bif 
TRACE::2024-08-10.01:33:08::SCWBifWriter::Found the complete platform D:/Work/Hobby_proj/spectrum_analyzer/vitis_workspace/design_1_wrapper_1/export/design_1_wrapper_1/design_1_wrapper_1.xpfm
TRACE::2024-08-10.01:33:08::SCWBifWriter::hardware databse : design_1_wrapper_2
TRACE::2024-08-10.01:33:08::SCWBifWriter::bitstream found in the design
TRACE::2024-08-10.01:33:08::SCWBifWriter::Found a baremetal domain, proc: ps7_cortexa9_0
TRACE::2024-08-10.01:33:08::SCWBifWriter::proc type : 
TRACE::2024-08-10.01:33:08::SCWBifWriter::proc[0] : ps7_cortexa9_0
TRACE::2024-08-10.01:33:08::SCWBifWriter::Device type is : zynq
TRACE::2024-08-10.01:33:08::SCWBifWriter::Writing BIF to file : D:/Work/Hobby_proj/spectrum_analyzer/vitis_workspace/sw_spectrum_system/Debug/system.bif
TRACE::2024-08-10.01:33:08::SCWBifWriter::Writing the Zynq Baremetal bif 
TRACE::2024-08-10.01:34:01::SCWBifWriter::Found the complete platform D:/Work/Hobby_proj/spectrum_analyzer/vitis_workspace/design_1_wrapper_1/export/design_1_wrapper_1/design_1_wrapper_1.xpfm
TRACE::2024-08-10.01:34:01::SCWBifWriter::hardware databse : design_1_wrapper_2
TRACE::2024-08-10.01:34:01::SCWBifWriter::bitstream found in the design
TRACE::2024-08-10.01:34:01::SCWBifWriter::Found a baremetal domain, proc: ps7_cortexa9_0
TRACE::2024-08-10.01:34:01::SCWBifWriter::proc type : 
TRACE::2024-08-10.01:34:01::SCWBifWriter::proc[0] : ps7_cortexa9_0
TRACE::2024-08-10.01:34:01::SCWBifWriter::Device type is : zynq
TRACE::2024-08-10.01:34:01::SCWBifWriter::Writing BIF to file : D:/Work/Hobby_proj/spectrum_analyzer/vitis_workspace/sw_spectrum_system/Debug/system.bif
TRACE::2024-08-10.01:34:01::SCWBifWriter::Writing the Zynq Baremetal bif 
