#! /usr/bin/vvp
:ivl_version "11.0 (stable)";
:ivl_delay_selection "TYPICAL";
:vpi_time_precision - 12;
:vpi_module "/usr/lib/x86_64-linux-gnu/ivl/system.vpi";
:vpi_module "/usr/lib/x86_64-linux-gnu/ivl/vhdl_sys.vpi";
:vpi_module "/usr/lib/x86_64-linux-gnu/ivl/vhdl_textio.vpi";
:vpi_module "/usr/lib/x86_64-linux-gnu/ivl/v2005_math.vpi";
:vpi_module "/usr/lib/x86_64-linux-gnu/ivl/va_math.vpi";
S_0x55699cd6de50 .scope module, "tb_data_on_trigger" "tb_data_on_trigger" 2 4;
 .timescale -9 -12;
P_0x55699cd752f0 .param/l "CLK_PERIOD" 1 2 35, +C4<00000000000000000000000000001010>;
P_0x55699cd75330 .param/l "bW" 0 2 6, +C4<00000000000000000000000000100000>;
P_0x55699cd75370 .param/l "bypass_trigger" 0 2 8, +C4<00000000000000000000000000000000>;
P_0x55699cd753b0 .param/l "count_bW" 0 2 7, +C4<00000000000000000000000000010000>;
v0x55699cd8d2d0_0 .var "clk", 0 0;
v0x55699cd8d390_0 .net "m_axi_tdata", 31 0, v0x55699cd54a40_0;  1 drivers
v0x55699cd8d430_0 .net "m_axi_tlast", 0 0, v0x55699cd54b40_0;  1 drivers
v0x55699cd8d4d0_0 .net "m_axi_tvalid", 0 0, v0x55699cd8cb70_0;  1 drivers
v0x55699cd8d570_0 .var "maxCount", 15 0;
v0x55699cd8d610_0 .var "rstn", 0 0;
v0x55699cd8d6e0_0 .var "s_axi_tdata", 31 0;
v0x55699cd8d7b0_0 .var "s_axi_tvalid", 0 0;
v0x55699cd8d880_0 .var "trigger", 0 0;
E_0x55699cd2c8a0 .event posedge, v0x55699cd5aac0_0;
E_0x55699cd64f70 .event negedge, v0x55699cd5aac0_0;
S_0x55699cd5b980 .scope module, "DUT" "data_on_trigger" 2 22, 3 26 0, S_0x55699cd6de50;
 .timescale -9 -12;
    .port_info 0 /INPUT 1 "clk";
    .port_info 1 /INPUT 1 "rstn";
    .port_info 2 /INPUT 32 "s_axi_tdata";
    .port_info 3 /INPUT 1 "s_axi_tvalid";
    .port_info 4 /INPUT 16 "maxCount";
    .port_info 5 /INPUT 1 "trigger";
    .port_info 6 /OUTPUT 32 "m_axi_tdata";
    .port_info 7 /OUTPUT 1 "m_axi_tvalid";
    .port_info 8 /OUTPUT 1 "m_axi_tlast";
P_0x55699cd2d620 .param/l "bW" 0 3 26, +C4<00000000000000000000000000100000>;
P_0x55699cd2d660 .param/l "bypass_trigger" 0 3 26, +C4<00000000000000000000000000000000>;
P_0x55699cd2d6a0 .param/l "count_bW" 0 3 26, +C4<00000000000000000000000000010000>;
L_0x55699cd59f90 .functor NOT 1, v0x55699cd8cdd0_0, C4<0>, C4<0>, C4<0>;
L_0x55699cd5a2b0 .functor AND 1, v0x55699cd8cd10_0, L_0x55699cd59f90, C4<1>, C4<1>;
v0x55699cd5a410_0 .net *"_ivl_0", 0 0, L_0x55699cd59f90;  1 drivers
v0x55699cd5a870_0 .var "busy", 0 0;
v0x55699cd5aac0_0 .net "clk", 0 0, v0x55699cd8d2d0_0;  1 drivers
v0x55699cd5ae20_0 .var "count", 15 0;
v0x55699cd5b280_0 .net "flag_trigger", 0 0, L_0x55699cd5a2b0;  1 drivers
v0x55699cd54a40_0 .var "m_axi_tdata", 31 0;
v0x55699cd54b40_0 .var "m_axi_tlast", 0 0;
v0x55699cd8cb70_0 .var "m_axi_tvalid", 0 0;
v0x55699cd8cc30_0 .net "maxCount", 15 0, v0x55699cd8d570_0;  1 drivers
v0x55699cd8cd10_0 .var "reg_trigger_1", 0 0;
v0x55699cd8cdd0_0 .var "reg_trigger_2", 0 0;
v0x55699cd8ce90_0 .net "rstn", 0 0, v0x55699cd8d610_0;  1 drivers
v0x55699cd8cf50_0 .net "s_axi_tdata", 31 0, v0x55699cd8d6e0_0;  1 drivers
v0x55699cd8d030_0 .net "s_axi_tvalid", 0 0, v0x55699cd8d7b0_0;  1 drivers
v0x55699cd8d0f0_0 .net "trigger", 0 0, v0x55699cd8d880_0;  1 drivers
E_0x55699cd651d0/0 .event negedge, v0x55699cd8ce90_0;
E_0x55699cd651d0/1 .event posedge, v0x55699cd5aac0_0;
E_0x55699cd651d0 .event/or E_0x55699cd651d0/0, E_0x55699cd651d0/1;
    .scope S_0x55699cd5b980;
T_0 ;
    %wait E_0x55699cd651d0;
    %load/vec4 v0x55699cd8ce90_0;
    %inv;
    %flag_set/vec4 8;
    %jmp/0xz  T_0.0, 8;
    %pushi/vec4 0, 0, 1;
    %assign/vec4 v0x55699cd8cd10_0, 0;
    %pushi/vec4 0, 0, 1;
    %assign/vec4 v0x55699cd8cdd0_0, 0;
    %jmp T_0.1;
T_0.0 ;
    %load/vec4 v0x55699cd8d0f0_0;
    %assign/vec4 v0x55699cd8cd10_0, 0;
    %load/vec4 v0x55699cd8cd10_0;
    %assign/vec4 v0x55699cd8cdd0_0, 0;
T_0.1 ;
    %jmp T_0;
    .thread T_0;
    .scope S_0x55699cd5b980;
T_1 ;
    %wait E_0x55699cd651d0;
    %load/vec4 v0x55699cd8ce90_0;
    %inv;
    %flag_set/vec4 8;
    %jmp/0xz  T_1.0, 8;
    %pushi/vec4 0, 0, 16;
    %assign/vec4 v0x55699cd5ae20_0, 0;
    %pushi/vec4 0, 0, 1;
    %assign/vec4 v0x55699cd5a870_0, 0;
    %pushi/vec4 0, 0, 32;
    %assign/vec4 v0x55699cd54a40_0, 0;
    %pushi/vec4 0, 0, 1;
    %assign/vec4 v0x55699cd8cb70_0, 0;
    %pushi/vec4 0, 0, 1;
    %assign/vec4 v0x55699cd54b40_0, 0;
    %jmp T_1.1;
T_1.0 ;
    %load/vec4 v0x55699cd5ae20_0;
    %load/vec4 v0x55699cd8cc30_0;
    %subi 1, 0, 16;
    %cmp/e;
    %jmp/0xz  T_1.2, 4;
    %pushi/vec4 0, 0, 16;
    %assign/vec4 v0x55699cd5ae20_0, 0;
    %load/vec4 v0x55699cd5b280_0;
    %assign/vec4 v0x55699cd5a870_0, 0;
    %load/vec4 v0x55699cd8cf50_0;
    %assign/vec4 v0x55699cd54a40_0, 0;
    %load/vec4 v0x55699cd8d030_0;
    %assign/vec4 v0x55699cd8cb70_0, 0;
    %pushi/vec4 1, 0, 1;
    %assign/vec4 v0x55699cd54b40_0, 0;
    %jmp T_1.3;
T_1.2 ;
    %load/vec4 v0x55699cd5a870_0;
    %cmpi/e 1, 0, 1;
    %jmp/0xz  T_1.4, 4;
    %load/vec4 v0x55699cd5ae20_0;
    %load/vec4 v0x55699cd8d030_0;
    %pad/u 16;
    %add;
    %assign/vec4 v0x55699cd5ae20_0, 0;
    %pushi/vec4 1, 0, 1;
    %assign/vec4 v0x55699cd5a870_0, 0;
    %load/vec4 v0x55699cd8cf50_0;
    %assign/vec4 v0x55699cd54a40_0, 0;
    %load/vec4 v0x55699cd8d030_0;
    %assign/vec4 v0x55699cd8cb70_0, 0;
    %pushi/vec4 0, 0, 1;
    %assign/vec4 v0x55699cd54b40_0, 0;
    %jmp T_1.5;
T_1.4 ;
    %load/vec4 v0x55699cd5b280_0;
    %cmpi/e 1, 0, 1;
    %jmp/0xz  T_1.6, 4;
    %load/vec4 v0x55699cd5ae20_0;
    %assign/vec4 v0x55699cd5ae20_0, 0;
    %pushi/vec4 1, 0, 1;
    %assign/vec4 v0x55699cd5a870_0, 0;
    %pushi/vec4 0, 0, 32;
    %assign/vec4 v0x55699cd54a40_0, 0;
    %pushi/vec4 0, 0, 1;
    %assign/vec4 v0x55699cd8cb70_0, 0;
    %pushi/vec4 0, 0, 1;
    %assign/vec4 v0x55699cd54b40_0, 0;
    %jmp T_1.7;
T_1.6 ;
    %pushi/vec4 0, 0, 16;
    %assign/vec4 v0x55699cd5ae20_0, 0;
    %pushi/vec4 0, 0, 1;
    %assign/vec4 v0x55699cd5a870_0, 0;
    %pushi/vec4 0, 0, 32;
    %assign/vec4 v0x55699cd54a40_0, 0;
    %pushi/vec4 0, 0, 1;
    %assign/vec4 v0x55699cd8cb70_0, 0;
    %pushi/vec4 0, 0, 1;
    %assign/vec4 v0x55699cd54b40_0, 0;
T_1.7 ;
T_1.5 ;
T_1.3 ;
T_1.1 ;
    %jmp T_1;
    .thread T_1;
    .scope S_0x55699cd6de50;
T_2 ;
    %pushi/vec4 0, 0, 1;
    %store/vec4 v0x55699cd8d2d0_0, 0, 1;
    %pushi/vec4 0, 0, 1;
    %store/vec4 v0x55699cd8d610_0, 0, 1;
    %pushi/vec4 0, 0, 32;
    %store/vec4 v0x55699cd8d6e0_0, 0, 32;
    %pushi/vec4 0, 0, 1;
    %store/vec4 v0x55699cd8d7b0_0, 0, 1;
    %pushi/vec4 10, 0, 16;
    %store/vec4 v0x55699cd8d570_0, 0, 16;
    %pushi/vec4 0, 0, 1;
    %store/vec4 v0x55699cd8d880_0, 0, 1;
    %end;
    .thread T_2;
    .scope S_0x55699cd6de50;
T_3 ;
    %delay 5000, 0;
    %load/vec4 v0x55699cd8d2d0_0;
    %inv;
    %store/vec4 v0x55699cd8d2d0_0, 0, 1;
    %jmp T_3;
    .thread T_3;
    .scope S_0x55699cd6de50;
T_4 ;
    %vpi_call 2 39 "$dumpfile", "tb_data_on_trigger.vcd" {0 0 0};
    %vpi_call 2 40 "$dumpvars", 32'sb00000000000000000000000000000000, S_0x55699cd6de50 {0 0 0};
    %end;
    .thread T_4;
    .scope S_0x55699cd6de50;
T_5 ;
    %wait E_0x55699cd64f70;
    %load/vec4 v0x55699cd8d6e0_0;
    %addi 1, 0, 32;
    %store/vec4 v0x55699cd8d6e0_0, 0, 32;
    %pushi/vec4 1, 0, 1;
    %store/vec4 v0x55699cd8d7b0_0, 0, 1;
    %jmp T_5;
    .thread T_5;
    .scope S_0x55699cd6de50;
T_6 ;
    %delay 1000, 0;
    %pushi/vec4 0, 0, 1;
    %assign/vec4 v0x55699cd8d610_0, 0;
    %pushi/vec4 0, 0, 1;
    %assign/vec4 v0x55699cd8d2d0_0, 0;
    %delay 30000, 0;
    %pushi/vec4 1, 0, 1;
    %assign/vec4 v0x55699cd8d610_0, 0;
    %delay 30000, 0;
    %pushi/vec4 0, 0, 1;
    %assign/vec4 v0x55699cd8d610_0, 0;
    %pushi/vec4 0, 0, 1;
    %assign/vec4 v0x55699cd8d2d0_0, 0;
    %pushi/vec4 5, 0, 32;
T_6.0 %dup/vec4;
    %pushi/vec4 0, 0, 32;
    %cmp/s;
    %jmp/1xz T_6.1, 5;
    %jmp/1 T_6.1, 4;
    %pushi/vec4 1, 0, 32;
    %sub;
    %wait E_0x55699cd2c8a0;
    %jmp T_6.0;
T_6.1 ;
    %pop/vec4 1;
    %pushi/vec4 1, 0, 1;
    %assign/vec4 v0x55699cd8d610_0, 0;
    %wait E_0x55699cd2c8a0;
    %pushi/vec4 1, 0, 1;
    %assign/vec4 v0x55699cd8d880_0, 0;
    %wait E_0x55699cd2c8a0;
    %pushi/vec4 0, 0, 1;
    %assign/vec4 v0x55699cd8d880_0, 0;
    %load/vec4 v0x55699cd8d570_0;
    %pad/u 32;
    %addi 10, 0, 32;
T_6.2 %dup/vec4;
    %pushi/vec4 0, 0, 32;
    %cmp/u;
    %jmp/1 T_6.3, 4;
    %pushi/vec4 1, 0, 32;
    %sub;
    %wait E_0x55699cd2c8a0;
    %jmp T_6.2;
T_6.3 ;
    %pop/vec4 1;
    %wait E_0x55699cd2c8a0;
    %pushi/vec4 1, 0, 1;
    %assign/vec4 v0x55699cd8d880_0, 0;
    %wait E_0x55699cd2c8a0;
    %pushi/vec4 0, 0, 1;
    %assign/vec4 v0x55699cd8d880_0, 0;
    %load/vec4 v0x55699cd8d570_0;
    %pad/u 32;
    %addi 10, 0, 32;
T_6.4 %dup/vec4;
    %pushi/vec4 0, 0, 32;
    %cmp/u;
    %jmp/1 T_6.5, 4;
    %pushi/vec4 1, 0, 32;
    %sub;
    %wait E_0x55699cd2c8a0;
    %jmp T_6.4;
T_6.5 ;
    %pop/vec4 1;
    %pushi/vec4 2, 0, 32;
T_6.6 %dup/vec4;
    %pushi/vec4 0, 0, 32;
    %cmp/s;
    %jmp/1xz T_6.7, 5;
    %jmp/1 T_6.7, 4;
    %pushi/vec4 1, 0, 32;
    %sub;
    %wait E_0x55699cd2c8a0;
    %jmp T_6.6;
T_6.7 ;
    %pop/vec4 1;
    %vpi_call 2 72 "$finish", 32'sb00000000000000000000000000000010 {0 0 0};
    %end;
    .thread T_6;
# The file index is used to find the file name in the following table.
:file_names 4;
    "N/A";
    "<interactive>";
    "tb_data_on_trigger.v";
    "./data_on_trigger.v";
