Nothing to build in platform 'design_1_wrapper_1'

01:33:59 **** Incremental Build of configuration Debug for project sw_spectrum ****
make all 
make --no-print-directory pre-build
a9-linaro-pre-build-step
' '
make --no-print-directory main-build
'Building file: ../src/helloworld.c'
'Invoking: ARM v7 gcc compiler'
arm-none-eabi-gcc -Wall -O0 -g3 -c -fmessage-length=0 -MT"src/helloworld.o" -mcpu=cortex-a9 -mfpu=vfpv3 -mfloat-abi=hard -ID:/Work/Hobby_proj/spectrum_analyzer/vitis_workspace/design_1_wrapper_1/export/design_1_wrapper_1/sw/design_1_wrapper_1/standalone_domain/bspinclude/include -MMD -MP -MF"src/helloworld.d" -MT"src/helloworld.o" -o "src/helloworld.o" "../src/helloworld.c"
'Finished building: ../src/helloworld.c'
' '
'Building target: sw_spectrum.elf'
'Invoking: ARM v7 gcc linker'
arm-none-eabi-gcc -mcpu=cortex-a9 -mfpu=vfpv3 -mfloat-abi=hard -Wl,-build-id=none -specs=Xilinx.spec -Wl,-T -Wl,../src/lscript.ld -LD:/Work/Hobby_proj/spectrum_analyzer/vitis_workspace/design_1_wrapper_1/export/design_1_wrapper_1/sw/design_1_wrapper_1/standalone_domain/bsplib/lib -o "sw_spectrum.elf"  ./src/helloworld.o ./src/platform.o   -Wl,--start-group,-lxil,-lgcc,-lc,--end-group
'Finished building target: sw_spectrum.elf'
' '
'Invoking: ARM v7 Print Size'
arm-none-eabi-size sw_spectrum.elf  |tee "sw_spectrum.elf.size"
   text	   data	    bss	    dec	    hex	filename
  57808	   2584	  23328	  83720	  14708	sw_spectrum.elf
'Finished building: sw_spectrum.elf.size'
' '
01:34:00 **** Incremental Build of configuration Debug for project sw_spectrum_system ****
make all 
Generating bif file for the system project
generate_system_bif.bat 64118 D:/Work/Hobby_proj/spectrum_analyzer/vitis_workspace/design_1_wrapper_1/export/design_1_wrapper_1/design_1_wrapper_1.xpfm standalone_domain D:/Work/Hobby_proj/spectrum_analyzer/vitis_workspace/sw_spectrum_system/Debug/system.bif
sdcard_gen --xpfm D:/Work/Hobby_proj/spectrum_analyzer/vitis_workspace/design_1_wrapper_1/export/design_1_wrapper_1/design_1_wrapper_1.xpfm --sys_config design_1_wrapper_1 --bif D:/Work/Hobby_proj/spectrum_analyzer/vitis_workspace/sw_spectrum_system/Debug/system.bif --bitstream D:/Work/Hobby_proj/spectrum_analyzer/vitis_workspace/sw_spectrum/_ide/bitstream/design_1_wrapper.bit --elf D:/Work/Hobby_proj/spectrum_analyzer/vitis_workspace/sw_spectrum/Debug/sw_spectrum.elf,ps7_cortexa9_0
creating BOOT.BIN using D:/Work/Hobby_proj/spectrum_analyzer/vitis_workspace/sw_spectrum/_ide/bitstream/design_1_wrapper.bit
Running C:/Xilinx/Vitis/2019.2/bin/bootgen  -image D:/Work/Hobby_proj/spectrum_analyzer/vitis_workspace/sw_spectrum_system/Debug/sd_card_temp/boot.bif -w -o i BOOT.BIN
Nothing to build in platform 'design_1_wrapper_1'

01:34:05 **** Incremental Build of configuration Debug for project sw_spectrum ****
make all 
make --no-print-directory pre-build
a9-linaro-pre-build-step
' '
make --no-print-directory main-build
make[1]: Nothing to be done for 'main-build'.
